Archive member included to satisfy reference by file (symbol)

E:/myProjects/ESP8266/Projects/RTOS3_SPIFFS_1/build/bootloader/main\libmain.a(bootloader_start.o)
                              (call_start_cpu)
E:/myProjects/ESP8266/Projects/RTOS3_SPIFFS_1/build/bootloader/bootloader_support\libbootloader_support.a(bootloader_utility.o)
                              E:/myProjects/ESP8266/Projects/RTOS3_SPIFFS_1/build/bootloader/main\libmain.a(bootloader_start.o) (bootloader_utility_load_partition_table)
E:/myProjects/ESP8266/Projects/RTOS3_SPIFFS_1/build/bootloader/bootloader_support\libbootloader_support.a(bootloader_init.o)
                              E:/myProjects/ESP8266/Projects/RTOS3_SPIFFS_1/build/bootloader/main\libmain.a(bootloader_start.o) (bootloader_init)
E:/myProjects/ESP8266/Projects/RTOS3_SPIFFS_1/build/bootloader/bootloader_support\libbootloader_support.a(bootloader_flash.o)
                              E:/myProjects/ESP8266/Projects/RTOS3_SPIFFS_1/build/bootloader/bootloader_support\libbootloader_support.a(bootloader_utility.o) (bootloader_mmap)
E:/myProjects/ESP8266/Projects/RTOS3_SPIFFS_1/build/bootloader/bootloader_support\libbootloader_support.a(esp_image_format.o)
                              E:/myProjects/ESP8266/Projects/RTOS3_SPIFFS_1/build/bootloader/bootloader_support\libbootloader_support.a(bootloader_utility.o) (esp_image_load)
E:/myProjects/ESP8266/Projects/RTOS3_SPIFFS_1/build/bootloader/bootloader_support\libbootloader_support.a(flash_partitions.o)
                              E:/myProjects/ESP8266/Projects/RTOS3_SPIFFS_1/build/bootloader/bootloader_support\libbootloader_support.a(bootloader_utility.o) (esp_partition_table_basic_verify)
E:/myProjects/ESP8266/Projects/RTOS3_SPIFFS_1/build/bootloader/bootloader_support\libbootloader_support.a(bootloader_common.o)
                              E:/myProjects/ESP8266/Projects/RTOS3_SPIFFS_1/build/bootloader/bootloader_support\libbootloader_support.a(bootloader_utility.o) (bootloader_common_ota_select_valid)
E:/myProjects/ESP8266/Projects/RTOS3_SPIFFS_1/build/bootloader/spi_flash\libspi_flash.a(spi_flash.o)
                              E:/myProjects/ESP8266/Projects/RTOS3_SPIFFS_1/build/bootloader/bootloader_support\libbootloader_support.a(flash_partitions.o) (g_rom_flashchip)
E:/myProjects/ESP8266/Projects/RTOS3_SPIFFS_1/build/bootloader/spi_flash\libspi_flash.a(spi_flash_raw.o)
                              E:/myProjects/ESP8266/Projects/RTOS3_SPIFFS_1/build/bootloader/spi_flash\libspi_flash.a(spi_flash.o) (spi_flash_get_id_raw)
E:/myProjects/ESP8266/Projects/RTOS3_SPIFFS_1/build/bootloader/log\liblog.a(log.o)
                              E:/myProjects/ESP8266/Projects/RTOS3_SPIFFS_1/build/bootloader/bootloader_support\libbootloader_support.a(bootloader_common.o) (esp_log_early_timestamp)
E:/myProjects/ESP8266/Projects/RTOS3_SPIFFS_1/build/bootloader/esp8266\libesp8266.a(ets_printf.o)
                              E:/myProjects/ESP8266/Projects/RTOS3_SPIFFS_1/build/bootloader/log\liblog.a(log.o) (ets_vprintf)
E:/myProjects/ESP8266/Projects/RTOS3_SPIFFS_1/build/bootloader/esp8266\libesp8266.a(crc.o)
                              E:/myProjects/ESP8266/Projects/RTOS3_SPIFFS_1/build/bootloader/bootloader_support\libbootloader_support.a(bootloader_common.o) (crc32_le)
E:/myProjects/ESP8266/Projects/RTOS3_SPIFFS_1/build/bootloader/esp8266\libesp8266.a(esp_fast_boot.o)
                              E:/myProjects/ESP8266/Projects/RTOS3_SPIFFS_1/build/bootloader/bootloader_support\libbootloader_support.a(bootloader_utility.o) (esp_fast_boot_get_info)
E:/myProjects/ESP8266/ESP8266_RTOS_SDK_IDF/components/esp8266/lib\libcore.a(phy.o)
                              E:/myProjects/ESP8266/Projects/RTOS3_SPIFFS_1/build/bootloader/bootloader_support\libbootloader_support.a(bootloader_init.o) (phy_reg_default)

Allocating common symbols
Common symbol       size              file

esp_image_spi_freq_t
                    0x4               E:/myProjects/ESP8266/Projects/RTOS3_SPIFFS_1/build/bootloader/main\libmain.a(bootloader_start.o)

Discarded input sections

 .text          0x00000000        0x0 E:/myProjects/ESP8266/Projects/RTOS3_SPIFFS_1/build/bootloader/main\libmain.a(bootloader_start.o)
 .data          0x00000000        0x0 E:/myProjects/ESP8266/Projects/RTOS3_SPIFFS_1/build/bootloader/main\libmain.a(bootloader_start.o)
 .bss           0x00000000        0x0 E:/myProjects/ESP8266/Projects/RTOS3_SPIFFS_1/build/bootloader/main\libmain.a(bootloader_start.o)
 .xt.lit        0x00000000       0x18 E:/myProjects/ESP8266/Projects/RTOS3_SPIFFS_1/build/bootloader/main\libmain.a(bootloader_start.o)
 .xt.prop       0x00000000       0xe4 E:/myProjects/ESP8266/Projects/RTOS3_SPIFFS_1/build/bootloader/main\libmain.a(bootloader_start.o)
 COMMON         0x00000000        0x4 E:/myProjects/ESP8266/Projects/RTOS3_SPIFFS_1/build/bootloader/main\libmain.a(bootloader_start.o)
 .literal.bootloader_utility_fast_boot_image
                0x00000000       0x14 E:/myProjects/ESP8266/Projects/RTOS3_SPIFFS_1/build/bootloader/bootloader_support\libbootloader_support.a(bootloader_utility.o)
 .text          0x00000000        0x0 E:/myProjects/ESP8266/Projects/RTOS3_SPIFFS_1/build/bootloader/bootloader_support\libbootloader_support.a(bootloader_utility.o)
 .data          0x00000000        0x0 E:/myProjects/ESP8266/Projects/RTOS3_SPIFFS_1/build/bootloader/bootloader_support\libbootloader_support.a(bootloader_utility.o)
 .bss           0x00000000        0x0 E:/myProjects/ESP8266/Projects/RTOS3_SPIFFS_1/build/bootloader/bootloader_support\libbootloader_support.a(bootloader_utility.o)
 .rodata.bootloader_utility_fast_boot_image.str1.4
                0x00000000       0x15 E:/myProjects/ESP8266/Projects/RTOS3_SPIFFS_1/build/bootloader/bootloader_support\libbootloader_support.a(bootloader_utility.o)
 .text.bootloader_utility_fast_boot_image
                0x00000000       0x35 E:/myProjects/ESP8266/Projects/RTOS3_SPIFFS_1/build/bootloader/bootloader_support\libbootloader_support.a(bootloader_utility.o)
 .xt.lit        0x00000000       0x40 E:/myProjects/ESP8266/Projects/RTOS3_SPIFFS_1/build/bootloader/bootloader_support\libbootloader_support.a(bootloader_utility.o)
 .xt.prop       0x00000000      0x4ec E:/myProjects/ESP8266/Projects/RTOS3_SPIFFS_1/build/bootloader/bootloader_support\libbootloader_support.a(bootloader_utility.o)
 .text          0x00000000        0x0 E:/myProjects/ESP8266/Projects/RTOS3_SPIFFS_1/build/bootloader/bootloader_support\libbootloader_support.a(bootloader_init.o)
 .data          0x00000000        0x0 E:/myProjects/ESP8266/Projects/RTOS3_SPIFFS_1/build/bootloader/bootloader_support\libbootloader_support.a(bootloader_init.o)
 .bss           0x00000000        0x0 E:/myProjects/ESP8266/Projects/RTOS3_SPIFFS_1/build/bootloader/bootloader_support\libbootloader_support.a(bootloader_init.o)
 .xt.lit        0x00000000       0x20 E:/myProjects/ESP8266/Projects/RTOS3_SPIFFS_1/build/bootloader/bootloader_support\libbootloader_support.a(bootloader_init.o)
 .xt.prop       0x00000000      0x210 E:/myProjects/ESP8266/Projects/RTOS3_SPIFFS_1/build/bootloader/bootloader_support\libbootloader_support.a(bootloader_init.o)
 .literal.bootloader_flash_write
                0x00000000       0x28 E:/myProjects/ESP8266/Projects/RTOS3_SPIFFS_1/build/bootloader/bootloader_support\libbootloader_support.a(bootloader_flash.o)
 .literal.bootloader_flash_erase_sector
                0x00000000        0x4 E:/myProjects/ESP8266/Projects/RTOS3_SPIFFS_1/build/bootloader/bootloader_support\libbootloader_support.a(bootloader_flash.o)
 .text          0x00000000        0x0 E:/myProjects/ESP8266/Projects/RTOS3_SPIFFS_1/build/bootloader/bootloader_support\libbootloader_support.a(bootloader_flash.o)
 .data          0x00000000        0x0 E:/myProjects/ESP8266/Projects/RTOS3_SPIFFS_1/build/bootloader/bootloader_support\libbootloader_support.a(bootloader_flash.o)
 .bss           0x00000000        0x0 E:/myProjects/ESP8266/Projects/RTOS3_SPIFFS_1/build/bootloader/bootloader_support\libbootloader_support.a(bootloader_flash.o)
 .rodata.bootloader_flash_write.str1.4
                0x00000000       0xa7 E:/myProjects/ESP8266/Projects/RTOS3_SPIFFS_1/build/bootloader/bootloader_support\libbootloader_support.a(bootloader_flash.o)
 .text.bootloader_flash_write
                0x00000000       0x9d E:/myProjects/ESP8266/Projects/RTOS3_SPIFFS_1/build/bootloader/bootloader_support\libbootloader_support.a(bootloader_flash.o)
 .text.bootloader_flash_erase_sector
                0x00000000       0x15 E:/myProjects/ESP8266/Projects/RTOS3_SPIFFS_1/build/bootloader/bootloader_support\libbootloader_support.a(bootloader_flash.o)
 .xt.lit        0x00000000       0x30 E:/myProjects/ESP8266/Projects/RTOS3_SPIFFS_1/build/bootloader/bootloader_support\libbootloader_support.a(bootloader_flash.o)
 .xt.prop       0x00000000      0x258 E:/myProjects/ESP8266/Projects/RTOS3_SPIFFS_1/build/bootloader/bootloader_support\libbootloader_support.a(bootloader_flash.o)
 .literal.esp_image_verify_bootloader
                0x00000000        0x8 E:/myProjects/ESP8266/Projects/RTOS3_SPIFFS_1/build/bootloader/bootloader_support\libbootloader_support.a(esp_image_format.o)
 .text          0x00000000        0x0 E:/myProjects/ESP8266/Projects/RTOS3_SPIFFS_1/build/bootloader/bootloader_support\libbootloader_support.a(esp_image_format.o)
 .data          0x00000000        0x0 E:/myProjects/ESP8266/Projects/RTOS3_SPIFFS_1/build/bootloader/bootloader_support\libbootloader_support.a(esp_image_format.o)
 .bss           0x00000000        0x0 E:/myProjects/ESP8266/Projects/RTOS3_SPIFFS_1/build/bootloader/bootloader_support\libbootloader_support.a(esp_image_format.o)
 .text.esp_image_verify_bootloader
                0x00000000       0x41 E:/myProjects/ESP8266/Projects/RTOS3_SPIFFS_1/build/bootloader/bootloader_support\libbootloader_support.a(esp_image_format.o)
 .xt.lit        0x00000000       0x40 E:/myProjects/ESP8266/Projects/RTOS3_SPIFFS_1/build/bootloader/bootloader_support\libbootloader_support.a(esp_image_format.o)
 .xt.prop       0x00000000      0x3e4 E:/myProjects/ESP8266/Projects/RTOS3_SPIFFS_1/build/bootloader/bootloader_support\libbootloader_support.a(esp_image_format.o)
 .text          0x00000000        0x0 E:/myProjects/ESP8266/Projects/RTOS3_SPIFFS_1/build/bootloader/bootloader_support\libbootloader_support.a(flash_partitions.o)
 .data          0x00000000        0x0 E:/myProjects/ESP8266/Projects/RTOS3_SPIFFS_1/build/bootloader/bootloader_support\libbootloader_support.a(flash_partitions.o)
 .bss           0x00000000        0x0 E:/myProjects/ESP8266/Projects/RTOS3_SPIFFS_1/build/bootloader/bootloader_support\libbootloader_support.a(flash_partitions.o)
 .xt.lit        0x00000000        0x8 E:/myProjects/ESP8266/Projects/RTOS3_SPIFFS_1/build/bootloader/bootloader_support\libbootloader_support.a(flash_partitions.o)
 .xt.prop       0x00000000       0xcc E:/myProjects/ESP8266/Projects/RTOS3_SPIFFS_1/build/bootloader/bootloader_support\libbootloader_support.a(flash_partitions.o)
 .literal.bootloader_common_check_long_hold_gpio
                0x00000000       0x78 E:/myProjects/ESP8266/Projects/RTOS3_SPIFFS_1/build/bootloader/bootloader_support\libbootloader_support.a(bootloader_common.o)
 .text          0x00000000        0x0 E:/myProjects/ESP8266/Projects/RTOS3_SPIFFS_1/build/bootloader/bootloader_support\libbootloader_support.a(bootloader_common.o)
 .data          0x00000000        0x0 E:/myProjects/ESP8266/Projects/RTOS3_SPIFFS_1/build/bootloader/bootloader_support\libbootloader_support.a(bootloader_common.o)
 .bss           0x00000000        0x0 E:/myProjects/ESP8266/Projects/RTOS3_SPIFFS_1/build/bootloader/bootloader_support\libbootloader_support.a(bootloader_common.o)
 .rodata.bootloader_common_check_long_hold_gpio.str1.4
                0x00000000       0x26 E:/myProjects/ESP8266/Projects/RTOS3_SPIFFS_1/build/bootloader/bootloader_support\libbootloader_support.a(bootloader_common.o)
 .text.bootloader_common_check_long_hold_gpio
                0x00000000      0x290 E:/myProjects/ESP8266/Projects/RTOS3_SPIFFS_1/build/bootloader/bootloader_support\libbootloader_support.a(bootloader_common.o)
 .xt.lit        0x00000000       0x18 E:/myProjects/ESP8266/Projects/RTOS3_SPIFFS_1/build/bootloader/bootloader_support\libbootloader_support.a(bootloader_common.o)
 .xt.prop       0x00000000      0x414 E:/myProjects/ESP8266/Projects/RTOS3_SPIFFS_1/build/bootloader/bootloader_support\libbootloader_support.a(bootloader_common.o)
 .literal.spi_flash_program
                0x00000000       0x20 E:/myProjects/ESP8266/Projects/RTOS3_SPIFFS_1/build/bootloader/spi_flash\libspi_flash.a(spi_flash.o)
 .literal.__spi_flash_write
                0x00000000        0x8 E:/myProjects/ESP8266/Projects/RTOS3_SPIFFS_1/build/bootloader/spi_flash\libspi_flash.a(spi_flash.o)
 .literal.__spi_flash_read
                0x00000000       0x10 E:/myProjects/ESP8266/Projects/RTOS3_SPIFFS_1/build/bootloader/spi_flash\libspi_flash.a(spi_flash.o)
 .literal.spi_flash_write_status
                0x00000000        0xc E:/myProjects/ESP8266/Projects/RTOS3_SPIFFS_1/build/bootloader/spi_flash\libspi_flash.a(spi_flash.o)
 .literal.spi_flash_check_wr_protect
                0x00000000       0x4c E:/myProjects/ESP8266/Projects/RTOS3_SPIFFS_1/build/bootloader/spi_flash\libspi_flash.a(spi_flash.o)
 .literal.spi_flash_erase_sector
                0x00000000       0x18 E:/myProjects/ESP8266/Projects/RTOS3_SPIFFS_1/build/bootloader/spi_flash\libspi_flash.a(spi_flash.o)
 .literal.spi_flash_read
                0x00000000       0x24 E:/myProjects/ESP8266/Projects/RTOS3_SPIFFS_1/build/bootloader/spi_flash\libspi_flash.a(spi_flash.o)
 .literal.spi_flash_write
                0x00000000       0x3c E:/myProjects/ESP8266/Projects/RTOS3_SPIFFS_1/build/bootloader/spi_flash\libspi_flash.a(spi_flash.o)
 .literal.spi_flash_erase_range
                0x00000000       0x10 E:/myProjects/ESP8266/Projects/RTOS3_SPIFFS_1/build/bootloader/spi_flash\libspi_flash.a(spi_flash.o)
 .literal.spi_flash_cache2phys
                0x00000000       0x18 E:/myProjects/ESP8266/Projects/RTOS3_SPIFFS_1/build/bootloader/spi_flash\libspi_flash.a(spi_flash.o)
 .literal.spi_flash_get_chip_size
                0x00000000        0x4 E:/myProjects/ESP8266/Projects/RTOS3_SPIFFS_1/build/bootloader/spi_flash\libspi_flash.a(spi_flash.o)
 .text          0x00000000        0x0 E:/myProjects/ESP8266/Projects/RTOS3_SPIFFS_1/build/bootloader/spi_flash\libspi_flash.a(spi_flash.o)
 .data          0x00000000        0x0 E:/myProjects/ESP8266/Projects/RTOS3_SPIFFS_1/build/bootloader/spi_flash\libspi_flash.a(spi_flash.o)
 .bss           0x00000000        0x0 E:/myProjects/ESP8266/Projects/RTOS3_SPIFFS_1/build/bootloader/spi_flash\libspi_flash.a(spi_flash.o)
 .text.spi_flash_program
                0x00000000       0xd8 E:/myProjects/ESP8266/Projects/RTOS3_SPIFFS_1/build/bootloader/spi_flash\libspi_flash.a(spi_flash.o)
 .text.__spi_flash_write
                0x00000000       0x23 E:/myProjects/ESP8266/Projects/RTOS3_SPIFFS_1/build/bootloader/spi_flash\libspi_flash.a(spi_flash.o)
 .text.__spi_flash_read
                0x00000000       0x31 E:/myProjects/ESP8266/Projects/RTOS3_SPIFFS_1/build/bootloader/spi_flash\libspi_flash.a(spi_flash.o)
 .text.spi_flash_write_status
                0x00000000       0x2a E:/myProjects/ESP8266/Projects/RTOS3_SPIFFS_1/build/bootloader/spi_flash\libspi_flash.a(spi_flash.o)
 .text.spi_flash_check_wr_protect
                0x00000000      0x165 E:/myProjects/ESP8266/Projects/RTOS3_SPIFFS_1/build/bootloader/spi_flash\libspi_flash.a(spi_flash.o)
 .text.spi_flash_erase_sector
                0x00000000       0x56 E:/myProjects/ESP8266/Projects/RTOS3_SPIFFS_1/build/bootloader/spi_flash\libspi_flash.a(spi_flash.o)
 .text.spi_flash_read
                0x00000000      0x109 E:/myProjects/ESP8266/Projects/RTOS3_SPIFFS_1/build/bootloader/spi_flash\libspi_flash.a(spi_flash.o)
 .text.spi_flash_write
                0x00000000      0x176 E:/myProjects/ESP8266/Projects/RTOS3_SPIFFS_1/build/bootloader/spi_flash\libspi_flash.a(spi_flash.o)
 .text.spi_flash_erase_range
                0x00000000       0x67 E:/myProjects/ESP8266/Projects/RTOS3_SPIFFS_1/build/bootloader/spi_flash\libspi_flash.a(spi_flash.o)
 .text.spi_flash_cache2phys
                0x00000000       0x4e E:/myProjects/ESP8266/Projects/RTOS3_SPIFFS_1/build/bootloader/spi_flash\libspi_flash.a(spi_flash.o)
 .text.spi_flash_get_chip_size
                0x00000000        0x7 E:/myProjects/ESP8266/Projects/RTOS3_SPIFFS_1/build/bootloader/spi_flash\libspi_flash.a(spi_flash.o)
 .xt.lit        0x00000000       0xd0 E:/myProjects/ESP8266/Projects/RTOS3_SPIFFS_1/build/bootloader/spi_flash\libspi_flash.a(spi_flash.o)
 .xt.prop       0x00000000      0xb04 E:/myProjects/ESP8266/Projects/RTOS3_SPIFFS_1/build/bootloader/spi_flash\libspi_flash.a(spi_flash.o)
 .literal.spi_flash_write_status_raw
                0x00000000       0x1c E:/myProjects/ESP8266/Projects/RTOS3_SPIFFS_1/build/bootloader/spi_flash\libspi_flash.a(spi_flash_raw.o)
 .literal.spi_flash_erase_sector_raw
                0x00000000       0x14 E:/myProjects/ESP8266/Projects/RTOS3_SPIFFS_1/build/bootloader/spi_flash\libspi_flash.a(spi_flash_raw.o)
 .literal.spi_flash_write_raw
                0x00000000        0xc E:/myProjects/ESP8266/Projects/RTOS3_SPIFFS_1/build/bootloader/spi_flash\libspi_flash.a(spi_flash_raw.o)
 .literal.spi_flash_read_raw
                0x00000000        0xc E:/myProjects/ESP8266/Projects/RTOS3_SPIFFS_1/build/bootloader/spi_flash\libspi_flash.a(spi_flash_raw.o)
 .text          0x00000000        0x0 E:/myProjects/ESP8266/Projects/RTOS3_SPIFFS_1/build/bootloader/spi_flash\libspi_flash.a(spi_flash_raw.o)
 .data          0x00000000        0x0 E:/myProjects/ESP8266/Projects/RTOS3_SPIFFS_1/build/bootloader/spi_flash\libspi_flash.a(spi_flash_raw.o)
 .bss           0x00000000        0x0 E:/myProjects/ESP8266/Projects/RTOS3_SPIFFS_1/build/bootloader/spi_flash\libspi_flash.a(spi_flash_raw.o)
 .text.spi_flash_write_status_raw
                0x00000000       0x5c E:/myProjects/ESP8266/Projects/RTOS3_SPIFFS_1/build/bootloader/spi_flash\libspi_flash.a(spi_flash_raw.o)
 .text.spi_flash_erase_sector_raw
                0x00000000       0x50 E:/myProjects/ESP8266/Projects/RTOS3_SPIFFS_1/build/bootloader/spi_flash\libspi_flash.a(spi_flash_raw.o)
 .text.spi_flash_write_raw
                0x00000000       0x43 E:/myProjects/ESP8266/Projects/RTOS3_SPIFFS_1/build/bootloader/spi_flash\libspi_flash.a(spi_flash_raw.o)
 .text.spi_flash_read_raw
                0x00000000       0x43 E:/myProjects/ESP8266/Projects/RTOS3_SPIFFS_1/build/bootloader/spi_flash\libspi_flash.a(spi_flash_raw.o)
 .xt.lit        0x00000000       0x58 E:/myProjects/ESP8266/Projects/RTOS3_SPIFFS_1/build/bootloader/spi_flash\libspi_flash.a(spi_flash_raw.o)
 .xt.prop       0x00000000      0x348 E:/myProjects/ESP8266/Projects/RTOS3_SPIFFS_1/build/bootloader/spi_flash\libspi_flash.a(spi_flash_raw.o)
 .text          0x00000000        0x0 E:/myProjects/ESP8266/Projects/RTOS3_SPIFFS_1/build/bootloader/log\liblog.a(log.o)
 .data          0x00000000        0x0 E:/myProjects/ESP8266/Projects/RTOS3_SPIFFS_1/build/bootloader/log\liblog.a(log.o)
 .bss           0x00000000        0x0 E:/myProjects/ESP8266/Projects/RTOS3_SPIFFS_1/build/bootloader/log\liblog.a(log.o)
 .xt.lit        0x00000000       0x10 E:/myProjects/ESP8266/Projects/RTOS3_SPIFFS_1/build/bootloader/log\liblog.a(log.o)
 .xt.prop       0x00000000       0xcc E:/myProjects/ESP8266/Projects/RTOS3_SPIFFS_1/build/bootloader/log\liblog.a(log.o)
 .text          0x00000000        0x0 E:/myProjects/ESP8266/Projects/RTOS3_SPIFFS_1/build/bootloader/esp8266\libesp8266.a(ets_printf.o)
 .data          0x00000000        0x0 E:/myProjects/ESP8266/Projects/RTOS3_SPIFFS_1/build/bootloader/esp8266\libesp8266.a(ets_printf.o)
 .bss           0x00000000        0x0 E:/myProjects/ESP8266/Projects/RTOS3_SPIFFS_1/build/bootloader/esp8266\libesp8266.a(ets_printf.o)
 .xt.lit        0x00000000       0x20 E:/myProjects/ESP8266/Projects/RTOS3_SPIFFS_1/build/bootloader/esp8266\libesp8266.a(ets_printf.o)
 .xt.prop       0x00000000       0xe4 E:/myProjects/ESP8266/Projects/RTOS3_SPIFFS_1/build/bootloader/esp8266\libesp8266.a(ets_printf.o)
 .literal.crc16_le
                0x00000000        0x4 E:/myProjects/ESP8266/Projects/RTOS3_SPIFFS_1/build/bootloader/esp8266\libesp8266.a(crc.o)
 .literal.esp_crc8
                0x00000000        0x4 E:/myProjects/ESP8266/Projects/RTOS3_SPIFFS_1/build/bootloader/esp8266\libesp8266.a(crc.o)
 .text          0x00000000        0x0 E:/myProjects/ESP8266/Projects/RTOS3_SPIFFS_1/build/bootloader/esp8266\libesp8266.a(crc.o)
 .data          0x00000000        0x0 E:/myProjects/ESP8266/Projects/RTOS3_SPIFFS_1/build/bootloader/esp8266\libesp8266.a(crc.o)
 .bss           0x00000000        0x0 E:/myProjects/ESP8266/Projects/RTOS3_SPIFFS_1/build/bootloader/esp8266\libesp8266.a(crc.o)
 .text.crc16_le
                0x00000000       0x3b E:/myProjects/ESP8266/Projects/RTOS3_SPIFFS_1/build/bootloader/esp8266\libesp8266.a(crc.o)
 .text.esp_crc8
                0x00000000       0x21 E:/myProjects/ESP8266/Projects/RTOS3_SPIFFS_1/build/bootloader/esp8266\libesp8266.a(crc.o)
 .rodata.crc8_le_table
                0x00000000      0x100 E:/myProjects/ESP8266/Projects/RTOS3_SPIFFS_1/build/bootloader/esp8266\libesp8266.a(crc.o)
 .rodata.crc16_le_table
                0x00000000      0x200 E:/myProjects/ESP8266/Projects/RTOS3_SPIFFS_1/build/bootloader/esp8266\libesp8266.a(crc.o)
 .xt.lit        0x00000000       0x18 E:/myProjects/ESP8266/Projects/RTOS3_SPIFFS_1/build/bootloader/esp8266\libesp8266.a(crc.o)
 .xt.prop       0x00000000       0xfc E:/myProjects/ESP8266/Projects/RTOS3_SPIFFS_1/build/bootloader/esp8266\libesp8266.a(crc.o)
 .literal.esp_fast_boot_disable
                0x00000000        0x4 E:/myProjects/ESP8266/Projects/RTOS3_SPIFFS_1/build/bootloader/esp8266\libesp8266.a(esp_fast_boot.o)
 .literal.esp_fast_boot_get_info
                0x00000000       0x2c E:/myProjects/ESP8266/Projects/RTOS3_SPIFFS_1/build/bootloader/esp8266\libesp8266.a(esp_fast_boot.o)
 .literal.esp_fast_boot_print_info
                0x00000000       0x2c E:/myProjects/ESP8266/Projects/RTOS3_SPIFFS_1/build/bootloader/esp8266\libesp8266.a(esp_fast_boot.o)
 .text          0x00000000        0x0 E:/myProjects/ESP8266/Projects/RTOS3_SPIFFS_1/build/bootloader/esp8266\libesp8266.a(esp_fast_boot.o)
 .data          0x00000000        0x0 E:/myProjects/ESP8266/Projects/RTOS3_SPIFFS_1/build/bootloader/esp8266\libesp8266.a(esp_fast_boot.o)
 .bss           0x00000000        0x0 E:/myProjects/ESP8266/Projects/RTOS3_SPIFFS_1/build/bootloader/esp8266\libesp8266.a(esp_fast_boot.o)
 .text.esp_fast_boot_disable
                0x00000000       0x11 E:/myProjects/ESP8266/Projects/RTOS3_SPIFFS_1/build/bootloader/esp8266\libesp8266.a(esp_fast_boot.o)
 .rodata.esp_fast_boot_get_info.str1.4
                0x00000000       0x24 E:/myProjects/ESP8266/Projects/RTOS3_SPIFFS_1/build/bootloader/esp8266\libesp8266.a(esp_fast_boot.o)
 .text.esp_fast_boot_get_info
                0x00000000       0x86 E:/myProjects/ESP8266/Projects/RTOS3_SPIFFS_1/build/bootloader/esp8266\libesp8266.a(esp_fast_boot.o)
 .rodata.esp_fast_boot_print_info.str1.4
                0x00000000       0x59 E:/myProjects/ESP8266/Projects/RTOS3_SPIFFS_1/build/bootloader/esp8266\libesp8266.a(esp_fast_boot.o)
 .text.esp_fast_boot_print_info
                0x00000000       0x4d E:/myProjects/ESP8266/Projects/RTOS3_SPIFFS_1/build/bootloader/esp8266\libesp8266.a(esp_fast_boot.o)
 .debug_frame   0x00000000       0x68 E:/myProjects/ESP8266/Projects/RTOS3_SPIFFS_1/build/bootloader/esp8266\libesp8266.a(esp_fast_boot.o)
 .debug_info    0x00000000      0xbcf E:/myProjects/ESP8266/Projects/RTOS3_SPIFFS_1/build/bootloader/esp8266\libesp8266.a(esp_fast_boot.o)
 .debug_abbrev  0x00000000      0x251 E:/myProjects/ESP8266/Projects/RTOS3_SPIFFS_1/build/bootloader/esp8266\libesp8266.a(esp_fast_boot.o)
 .debug_loc     0x00000000       0xb0 E:/myProjects/ESP8266/Projects/RTOS3_SPIFFS_1/build/bootloader/esp8266\libesp8266.a(esp_fast_boot.o)
 .debug_aranges
                0x00000000       0x30 E:/myProjects/ESP8266/Projects/RTOS3_SPIFFS_1/build/bootloader/esp8266\libesp8266.a(esp_fast_boot.o)
 .debug_ranges  0x00000000       0x20 E:/myProjects/ESP8266/Projects/RTOS3_SPIFFS_1/build/bootloader/esp8266\libesp8266.a(esp_fast_boot.o)
 .debug_line    0x00000000      0x4b1 E:/myProjects/ESP8266/Projects/RTOS3_SPIFFS_1/build/bootloader/esp8266\libesp8266.a(esp_fast_boot.o)
 .debug_str     0x00000000      0x720 E:/myProjects/ESP8266/Projects/RTOS3_SPIFFS_1/build/bootloader/esp8266\libesp8266.a(esp_fast_boot.o)
 .comment       0x00000000       0x32 E:/myProjects/ESP8266/Projects/RTOS3_SPIFFS_1/build/bootloader/esp8266\libesp8266.a(esp_fast_boot.o)
 .xt.lit        0x00000000       0x18 E:/myProjects/ESP8266/Projects/RTOS3_SPIFFS_1/build/bootloader/esp8266\libesp8266.a(esp_fast_boot.o)
 .xt.prop       0x00000000       0xc0 E:/myProjects/ESP8266/Projects/RTOS3_SPIFFS_1/build/bootloader/esp8266\libesp8266.a(esp_fast_boot.o)
 .literal.phy_reg_default
                0x00000000        0x0 E:/myProjects/ESP8266/ESP8266_RTOS_SDK_IDF/components/esp8266/lib\libcore.a(phy.o)
 .text          0x00000000        0x0 E:/myProjects/ESP8266/ESP8266_RTOS_SDK_IDF/components/esp8266/lib\libcore.a(phy.o)
 .data          0x00000000        0x0 E:/myProjects/ESP8266/ESP8266_RTOS_SDK_IDF/components/esp8266/lib\libcore.a(phy.o)
 .bss           0x00000000        0x0 E:/myProjects/ESP8266/ESP8266_RTOS_SDK_IDF/components/esp8266/lib\libcore.a(phy.o)
 .xt.lit        0x00000000        0x8 E:/myProjects/ESP8266/ESP8266_RTOS_SDK_IDF/components/esp8266/lib\libcore.a(phy.o)
 .xt.prop       0x00000000       0x48 E:/myProjects/ESP8266/ESP8266_RTOS_SDK_IDF/components/esp8266/lib\libcore.a(phy.o)

Memory Configuration

Name             Origin             Length             Attributes
dport0_seg       0x3ff00000         0x00000010
dram_seg         0x3ffe8000         0x00017c00
iram_seg         0x40100000         0x00008000
*default*        0x00000000         0xffffffff

Linker script and memory map

START GROUP
LOAD E:/myProjects/ESP8266/Projects/RTOS3_SPIFFS_1/build/bootloader/main\libmain.a
LOAD E:/myProjects/ESP8266/ESP8266_RTOS_SDK_IDF/components/esp8266/lib\libcore.a
LOAD E:/myProjects/ESP8266/Projects/RTOS3_SPIFFS_1/build/bootloader/bootloader_support\libbootloader_support.a
LOAD E:/myProjects/ESP8266/Projects/RTOS3_SPIFFS_1/build/bootloader/spi_flash\libspi_flash.a
LOAD E:/myProjects/ESP8266/Projects/RTOS3_SPIFFS_1/build/bootloader/log\liblog.a
LOAD E:/myProjects/ESP8266/Projects/RTOS3_SPIFFS_1/build/bootloader/esp8266\libesp8266.a
LOAD E:/myProjects/ESP8266/ESP8266_RTOS_SDK_IDF/components/esp8266/lib\libgcc.a
LOAD c:/msys32/mingw32/bin/../lib/gcc/xtensa-lx106-elf/8.4.0/../../../../xtensa-lx106-elf/lib\libstdc++.a
LOAD c:/msys32/mingw32/bin/../lib/gcc/xtensa-lx106-elf/8.4.0\libgcov.a
END GROUP

.text           0x40100000     0x1d15
                0x40100000                _stext = .
                0x40100000                _text_start = ABSOLUTE (.)
                0x40100000                . = ALIGN (0x10)
 *(.entry.text)
 *(.init.literal)
 *(.init)
 *(.literal .text .literal.* .text.* .stub .gnu.warning .gnu.linkonce.literal.* .gnu.linkonce.t.*.literal .gnu.linkonce.t.*)
 .literal.selected_boot_partition
                0x40100000        0x0 E:/myProjects/ESP8266/Projects/RTOS3_SPIFFS_1/build/bootloader/main\libmain.a(bootloader_start.o)
                                  0x4 (size before relaxing)
 .literal.select_image
                0x40100000        0xc E:/myProjects/ESP8266/Projects/RTOS3_SPIFFS_1/build/bootloader/main\libmain.a(bootloader_start.o)
                                 0x1c (size before relaxing)
 .literal.call_start_cpu
                0x4010000c        0x0 E:/myProjects/ESP8266/Projects/RTOS3_SPIFFS_1/build/bootloader/main\libmain.a(bootloader_start.o)
                                  0xc (size before relaxing)
 .literal.bootloader_utility_start_image
                0x4010000c        0x0 E:/myProjects/ESP8266/Projects/RTOS3_SPIFFS_1/build/bootloader/bootloader_support\libbootloader_support.a(bootloader_utility.o)
                                  0x4 (size before relaxing)
 .literal.log_invalid_app_partition
                0x4010000c       0x14 E:/myProjects/ESP8266/Projects/RTOS3_SPIFFS_1/build/bootloader/bootloader_support\libbootloader_support.a(bootloader_utility.o)
                                 0x20 (size before relaxing)
 .literal.try_load_partition
                0x40100020        0x8 E:/myProjects/ESP8266/Projects/RTOS3_SPIFFS_1/build/bootloader/bootloader_support\libbootloader_support.a(bootloader_utility.o)
                                 0x18 (size before relaxing)
 .literal.bootloader_utility_load_partition_table
                0x40100028       0x58 E:/myProjects/ESP8266/Projects/RTOS3_SPIFFS_1/build/bootloader/bootloader_support\libbootloader_support.a(bootloader_utility.o)
                                 0x8c (size before relaxing)
 .literal.bootloader_utility_get_selected_boot_partition
                0x40100080       0x38 E:/myProjects/ESP8266/Projects/RTOS3_SPIFFS_1/build/bootloader/bootloader_support\libbootloader_support.a(bootloader_utility.o)
                                 0x88 (size before relaxing)
 .literal.bootloader_utility_load_boot_image
                0x401000b8       0x10 E:/myProjects/ESP8266/Projects/RTOS3_SPIFFS_1/build/bootloader/bootloader_support\libbootloader_support.a(bootloader_utility.o)
                                 0x4c (size before relaxing)
 .literal.bootloader_utility_load_image
                0x401000c8        0x0 E:/myProjects/ESP8266/Projects/RTOS3_SPIFFS_1/build/bootloader/bootloader_support\libbootloader_support.a(bootloader_utility.o)
                                  0x4 (size before relaxing)
 .literal.print_flash_info
                0x401000c8       0x5c E:/myProjects/ESP8266/Projects/RTOS3_SPIFFS_1/build/bootloader/bootloader_support\libbootloader_support.a(bootloader_init.o)
                                 0x7c (size before relaxing)
 .literal.update_flash_config
                0x40100124        0x8 E:/myProjects/ESP8266/Projects/RTOS3_SPIFFS_1/build/bootloader/bootloader_support\libbootloader_support.a(bootloader_init.o)
                                 0x14 (size before relaxing)
 .literal.bootloader_main
                0x4010012c       0x10 E:/myProjects/ESP8266/Projects/RTOS3_SPIFFS_1/build/bootloader/bootloader_support\libbootloader_support.a(bootloader_init.o)
                                 0x30 (size before relaxing)
 .literal.bootloader_init
                0x4010013c        0x8 E:/myProjects/ESP8266/Projects/RTOS3_SPIFFS_1/build/bootloader/bootloader_support\libbootloader_support.a(bootloader_init.o)
                                 0x10 (size before relaxing)
 .literal.bootloader_flash_read_no_decrypt
                0x40100144        0x4 E:/myProjects/ESP8266/Projects/RTOS3_SPIFFS_1/build/bootloader/bootloader_support\libbootloader_support.a(bootloader_flash.o)
 .literal.bootloader_mmap
                0x40100148       0x30 E:/myProjects/ESP8266/Projects/RTOS3_SPIFFS_1/build/bootloader/bootloader_support\libbootloader_support.a(bootloader_flash.o)
                                 0x3c (size before relaxing)
 .literal.bootloader_munmap
                0x40100178        0x0 E:/myProjects/ESP8266/Projects/RTOS3_SPIFFS_1/build/bootloader/bootloader_support\libbootloader_support.a(bootloader_flash.o)
                                  0x8 (size before relaxing)
 .literal.bootloader_flash_read
                0x40100178        0xc E:/myProjects/ESP8266/Projects/RTOS3_SPIFFS_1/build/bootloader/bootloader_support\libbootloader_support.a(bootloader_flash.o)
                                 0x20 (size before relaxing)
 .literal.should_map
                0x40100184        0x8 E:/myProjects/ESP8266/Projects/RTOS3_SPIFFS_1/build/bootloader/bootloader_support\libbootloader_support.a(esp_image_format.o)
 .literal.should_load
                0x4010018c        0x0 E:/myProjects/ESP8266/Projects/RTOS3_SPIFFS_1/build/bootloader/bootloader_support\libbootloader_support.a(esp_image_format.o)
                                  0x4 (size before relaxing)
 .literal.verify_image_header
                0x4010018c       0x14 E:/myProjects/ESP8266/Projects/RTOS3_SPIFFS_1/build/bootloader/bootloader_support\libbootloader_support.a(esp_image_format.o)
                                 0x20 (size before relaxing)
 .literal.process_segment_data
                0x401001a0        0x8 E:/myProjects/ESP8266/Projects/RTOS3_SPIFFS_1/build/bootloader/bootloader_support\libbootloader_support.a(esp_image_format.o)
                                 0x14 (size before relaxing)
 .literal.verify_checksum
                0x401001a8        0x8 E:/myProjects/ESP8266/Projects/RTOS3_SPIFFS_1/build/bootloader/bootloader_support\libbootloader_support.a(esp_image_format.o)
                                 0x1c (size before relaxing)
 .literal.process_segment
                0x401001b0       0x18 E:/myProjects/ESP8266/Projects/RTOS3_SPIFFS_1/build/bootloader/bootloader_support\libbootloader_support.a(esp_image_format.o)
                                 0x40 (size before relaxing)
 .literal.esp_image_load
                0x401001c8       0x1c E:/myProjects/ESP8266/Projects/RTOS3_SPIFFS_1/build/bootloader/bootloader_support\libbootloader_support.a(esp_image_format.o)
                                 0x54 (size before relaxing)
 .literal.esp_partition_table_basic_verify
                0x401001e4       0x20 E:/myProjects/ESP8266/Projects/RTOS3_SPIFFS_1/build/bootloader/bootloader_support\libbootloader_support.a(flash_partitions.o)
                                 0x34 (size before relaxing)
 .literal.bootloader_common_ota_select_crc
                0x40100204        0x0 E:/myProjects/ESP8266/Projects/RTOS3_SPIFFS_1/build/bootloader/bootloader_support\libbootloader_support.a(bootloader_common.o)
                                  0x4 (size before relaxing)
 .literal.bootloader_common_ota_select_valid
                0x40100204        0x0 E:/myProjects/ESP8266/Projects/RTOS3_SPIFFS_1/build/bootloader/bootloader_support\libbootloader_support.a(bootloader_common.o)
                                  0x4 (size before relaxing)
 .literal.spi_user_cmd
                0x40100204        0x4 E:/myProjects/ESP8266/Projects/RTOS3_SPIFFS_1/build/bootloader/spi_flash\libspi_flash.a(spi_flash.o)
                                  0xc (size before relaxing)
 .literal.special_flash_read_status
                0x40100208        0x0 E:/myProjects/ESP8266/Projects/RTOS3_SPIFFS_1/build/bootloader/spi_flash\libspi_flash.a(spi_flash.o)
                                  0x4 (size before relaxing)
 .literal.flash_gd25q32c_read_status
                0x40100208        0x0 E:/myProjects/ESP8266/Projects/RTOS3_SPIFFS_1/build/bootloader/spi_flash\libspi_flash.a(spi_flash.o)
                                  0x4 (size before relaxing)
 .literal.special_flash_write_status
                0x40100208        0x0 E:/myProjects/ESP8266/Projects/RTOS3_SPIFFS_1/build/bootloader/spi_flash\libspi_flash.a(spi_flash.o)
                                  0x8 (size before relaxing)
 .literal.spi_flash_enable_qio_bit6
                0x40100208        0x0 E:/myProjects/ESP8266/Projects/RTOS3_SPIFFS_1/build/bootloader/spi_flash\libspi_flash.a(spi_flash.o)
                                  0x4 (size before relaxing)
 .literal.flash_gd25q32c_write_status
                0x40100208        0x0 E:/myProjects/ESP8266/Projects/RTOS3_SPIFFS_1/build/bootloader/spi_flash\libspi_flash.a(spi_flash.o)
                                  0x4 (size before relaxing)
 .literal.flash_gd25q32c_enable_QIO_mode
                0x40100208        0x0 E:/myProjects/ESP8266/Projects/RTOS3_SPIFFS_1/build/bootloader/spi_flash\libspi_flash.a(spi_flash.o)
                                  0xc (size before relaxing)
 .literal.en25q16x_read_sfdp
                0x40100208        0x4 E:/myProjects/ESP8266/Projects/RTOS3_SPIFFS_1/build/bootloader/spi_flash\libspi_flash.a(spi_flash.o)
                                  0x8 (size before relaxing)
 .literal.spi_flash_get_id
                0x4010020c        0x0 E:/myProjects/ESP8266/Projects/RTOS3_SPIFFS_1/build/bootloader/spi_flash\libspi_flash.a(spi_flash.o)
                                  0xc (size before relaxing)
 .literal.spi_flash_read_status
                0x4010020c        0x0 E:/myProjects/ESP8266/Projects/RTOS3_SPIFFS_1/build/bootloader/spi_flash\libspi_flash.a(spi_flash.o)
                                  0xc (size before relaxing)
 .literal.spi_flash_issi_enable_QIO_mode
                0x4010020c        0x0 E:/myProjects/ESP8266/Projects/RTOS3_SPIFFS_1/build/bootloader/spi_flash\libspi_flash.a(spi_flash.o)
                                  0xc (size before relaxing)
 .literal.special_flash_set_mode
                0x4010020c        0x0 E:/myProjects/ESP8266/Projects/RTOS3_SPIFFS_1/build/bootloader/spi_flash\libspi_flash.a(spi_flash.o)
                                  0x8 (size before relaxing)
 .literal.en25q16x_write_volatile_status
                0x4010020c        0x0 E:/myProjects/ESP8266/Projects/RTOS3_SPIFFS_1/build/bootloader/spi_flash\libspi_flash.a(spi_flash.o)
                                 0x14 (size before relaxing)
 .literal.user_spi_flash_dio_to_qio_pre_init
                0x4010020c        0xc E:/myProjects/ESP8266/Projects/RTOS3_SPIFFS_1/build/bootloader/spi_flash\libspi_flash.a(spi_flash.o)
                                 0x30 (size before relaxing)
 .literal.esp_spi_flash_init
                0x40100218       0x20 E:/myProjects/ESP8266/Projects/RTOS3_SPIFFS_1/build/bootloader/spi_flash\libspi_flash.a(spi_flash.o)
                                 0x28 (size before relaxing)
 .literal.Cache_Read_Disable_2
                0x40100238        0xc E:/myProjects/ESP8266/Projects/RTOS3_SPIFFS_1/build/bootloader/spi_flash\libspi_flash.a(spi_flash_raw.o)
                                 0x10 (size before relaxing)
 .literal.Cache_Read_Enable_2
                0x40100244        0x4 E:/myProjects/ESP8266/Projects/RTOS3_SPIFFS_1/build/bootloader/spi_flash\libspi_flash.a(spi_flash_raw.o)
                                  0xc (size before relaxing)
 .literal.spi_flash_get_id_raw
                0x40100248       0x10 E:/myProjects/ESP8266/Projects/RTOS3_SPIFFS_1/build/bootloader/spi_flash\libspi_flash.a(spi_flash_raw.o)
                                 0x1c (size before relaxing)
 .literal.spi_flash_read_status_raw
                0x40100258        0x4 E:/myProjects/ESP8266/Projects/RTOS3_SPIFFS_1/build/bootloader/spi_flash\libspi_flash.a(spi_flash_raw.o)
                                  0xc (size before relaxing)
 .literal.spi_flash_enable_qmode_raw
                0x4010025c        0x4 E:/myProjects/ESP8266/Projects/RTOS3_SPIFFS_1/build/bootloader/spi_flash\libspi_flash.a(spi_flash_raw.o)
                                 0x10 (size before relaxing)
 .literal.spi_user_cmd_raw
                0x40100260       0x64 E:/myProjects/ESP8266/Projects/RTOS3_SPIFFS_1/build/bootloader/spi_flash\libspi_flash.a(spi_flash_raw.o)
                                 0x8c (size before relaxing)
 .literal.spi_flash_switch_to_qio_raw
                0x401002c4        0x8 E:/myProjects/ESP8266/Projects/RTOS3_SPIFFS_1/build/bootloader/spi_flash\libspi_flash.a(spi_flash_raw.o)
                                  0xc (size before relaxing)
 .literal.uart_putc
                0x401002cc        0x8 E:/myProjects/ESP8266/Projects/RTOS3_SPIFFS_1/build/bootloader/esp8266\libesp8266.a(ets_printf.o)
 .literal.ets_putc
                0x401002d4        0x0 E:/myProjects/ESP8266/Projects/RTOS3_SPIFFS_1/build/bootloader/esp8266\libesp8266.a(ets_printf.o)
                                  0x8 (size before relaxing)
 .literal.ets_vprintf
                0x401002d4        0x8 E:/myProjects/ESP8266/Projects/RTOS3_SPIFFS_1/build/bootloader/esp8266\libesp8266.a(ets_printf.o)
 .literal.crc32_le
                0x401002dc        0x4 E:/myProjects/ESP8266/Projects/RTOS3_SPIFFS_1/build/bootloader/esp8266\libesp8266.a(crc.o)
 .iram1.0.literal
                0x401002e0        0x8 E:/myProjects/ESP8266/Projects/RTOS3_SPIFFS_1/build/bootloader/log\liblog.a(log.o)
 .iram1.1.literal
                0x401002e8       0x18 E:/myProjects/ESP8266/Projects/RTOS3_SPIFFS_1/build/bootloader/log\liblog.a(log.o)
                                 0x30 (size before relaxing)
 .iram1.0.literal
                0x40100300        0x0 E:/myProjects/ESP8266/Projects/RTOS3_SPIFFS_1/build/bootloader/esp8266\libesp8266.a(ets_printf.o)
                                  0x8 (size before relaxing)
 .text.selected_boot_partition
                0x40100300        0xf E:/myProjects/ESP8266/Projects/RTOS3_SPIFFS_1/build/bootloader/main\libmain.a(bootloader_start.o)
                                 0x13 (size before relaxing)
 *fill*         0x4010030f        0x1 
 .text.select_image
                0x40100310       0x68 E:/myProjects/ESP8266/Projects/RTOS3_SPIFFS_1/build/bootloader/main\libmain.a(bootloader_start.o)
                                 0x70 (size before relaxing)
 .text.call_start_cpu
                0x40100378       0x26 E:/myProjects/ESP8266/Projects/RTOS3_SPIFFS_1/build/bootloader/main\libmain.a(bootloader_start.o)
                                 0x2e (size before relaxing)
                0x40100378                call_start_cpu
 *fill*         0x4010039e        0x2 
 .text.bootloader_utility_start_image
                0x401003a0       0x20 E:/myProjects/ESP8266/Projects/RTOS3_SPIFFS_1/build/bootloader/bootloader_support\libbootloader_support.a(bootloader_utility.o)
                                 0x24 (size before relaxing)
 .text.log_invalid_app_partition
                0x401003c0       0x4b E:/myProjects/ESP8266/Projects/RTOS3_SPIFFS_1/build/bootloader/bootloader_support\libbootloader_support.a(bootloader_utility.o)
                                 0x53 (size before relaxing)
 *fill*         0x4010040b        0x1 
 .text.try_load_partition
                0x4010040c       0x48 E:/myProjects/ESP8266/Projects/RTOS3_SPIFFS_1/build/bootloader/bootloader_support\libbootloader_support.a(bootloader_utility.o)
                                 0x50 (size before relaxing)
 .text.bootloader_utility_load_partition_table
                0x40100454      0x1a4 E:/myProjects/ESP8266/Projects/RTOS3_SPIFFS_1/build/bootloader/bootloader_support\libbootloader_support.a(bootloader_utility.o)
                                0x1c4 (size before relaxing)
                0x40100454                bootloader_utility_load_partition_table
 .text.bootloader_utility_get_selected_boot_partition
                0x401005f8      0x18f E:/myProjects/ESP8266/Projects/RTOS3_SPIFFS_1/build/bootloader/bootloader_support\libbootloader_support.a(bootloader_utility.o)
                                0x1af (size before relaxing)
                0x401005f8                bootloader_utility_get_selected_boot_partition
 *fill*         0x40100787        0x1 
 .text.bootloader_utility_load_boot_image
                0x40100788       0xf6 E:/myProjects/ESP8266/Projects/RTOS3_SPIFFS_1/build/bootloader/bootloader_support\libbootloader_support.a(bootloader_utility.o)
                                0x11e (size before relaxing)
                0x40100788                bootloader_utility_load_boot_image
 *fill*         0x4010087e        0x2 
 .text.bootloader_utility_load_image
                0x40100880       0x19 E:/myProjects/ESP8266/Projects/RTOS3_SPIFFS_1/build/bootloader/bootloader_support\libbootloader_support.a(bootloader_utility.o)
                0x40100880                bootloader_utility_load_image
 *fill*         0x40100899        0x3 
 .text.print_flash_info
                0x4010089c      0x115 E:/myProjects/ESP8266/Projects/RTOS3_SPIFFS_1/build/bootloader/bootloader_support\libbootloader_support.a(bootloader_init.o)
                                0x129 (size before relaxing)
 *fill*         0x401009b1        0x3 
 .text.update_flash_config
                0x401009b4       0x2b E:/myProjects/ESP8266/Projects/RTOS3_SPIFFS_1/build/bootloader/bootloader_support\libbootloader_support.a(bootloader_init.o)
                                 0x2f (size before relaxing)
 *fill*         0x401009df        0x1 
 .text.bootloader_main
                0x401009e0       0x69 E:/myProjects/ESP8266/Projects/RTOS3_SPIFFS_1/build/bootloader/bootloader_support\libbootloader_support.a(bootloader_init.o)
                                 0x79 (size before relaxing)
 *fill*         0x40100a49        0x3 
 .text.bootloader_init
                0x40100a4c       0x25 E:/myProjects/ESP8266/Projects/RTOS3_SPIFFS_1/build/bootloader/bootloader_support\libbootloader_support.a(bootloader_init.o)
                                 0x29 (size before relaxing)
                0x40100a4c                bootloader_init
 *fill*         0x40100a71        0x3 
 .text.bootloader_flash_read_no_decrypt
                0x40100a74       0x15 E:/myProjects/ESP8266/Projects/RTOS3_SPIFFS_1/build/bootloader/bootloader_support\libbootloader_support.a(bootloader_flash.o)
 *fill*         0x40100a89        0x3 
 .text.bootloader_mmap
                0x40100a8c       0xa6 E:/myProjects/ESP8266/Projects/RTOS3_SPIFFS_1/build/bootloader/bootloader_support\libbootloader_support.a(bootloader_flash.o)
                                 0xaa (size before relaxing)
                0x40100a8c                bootloader_mmap
 *fill*         0x40100b32        0x2 
 .text.bootloader_munmap
                0x40100b34       0x23 E:/myProjects/ESP8266/Projects/RTOS3_SPIFFS_1/build/bootloader/bootloader_support\libbootloader_support.a(bootloader_flash.o)
                0x40100b34                bootloader_munmap
 *fill*         0x40100b57        0x1 
 .text.bootloader_flash_read
                0x40100b58       0x60 E:/myProjects/ESP8266/Projects/RTOS3_SPIFFS_1/build/bootloader/bootloader_support\libbootloader_support.a(bootloader_flash.o)
                                 0x63 (size before relaxing)
                0x40100b58                bootloader_flash_read
 *fill*         0x40100bb8        0x0 
 .text.should_map
                0x40100bb8       0x15 E:/myProjects/ESP8266/Projects/RTOS3_SPIFFS_1/build/bootloader/bootloader_support\libbootloader_support.a(esp_image_format.o)
 *fill*         0x40100bcd        0x3 
 .text.should_load
                0x40100bd0       0x19 E:/myProjects/ESP8266/Projects/RTOS3_SPIFFS_1/build/bootloader/bootloader_support\libbootloader_support.a(esp_image_format.o)
                                 0x1d (size before relaxing)
 *fill*         0x40100be9        0x3 
 .text.verify_image_header
                0x40100bec       0x7d E:/myProjects/ESP8266/Projects/RTOS3_SPIFFS_1/build/bootloader/bootloader_support\libbootloader_support.a(esp_image_format.o)
                                 0x85 (size before relaxing)
 *fill*         0x40100c69        0x3 
 .text.process_segment_data
                0x40100c6c       0x89 E:/myProjects/ESP8266/Projects/RTOS3_SPIFFS_1/build/bootloader/bootloader_support\libbootloader_support.a(esp_image_format.o)
                                 0x91 (size before relaxing)
 *fill*         0x40100cf5        0x3 
 .text.verify_checksum
                0x40100cf8       0x9c E:/myProjects/ESP8266/Projects/RTOS3_SPIFFS_1/build/bootloader/bootloader_support\libbootloader_support.a(esp_image_format.o)
                                 0xa0 (size before relaxing)
 .text.process_segment
                0x40100d94      0x10b E:/myProjects/ESP8266/Projects/RTOS3_SPIFFS_1/build/bootloader/bootloader_support\libbootloader_support.a(esp_image_format.o)
                                0x117 (size before relaxing)
 *fill*         0x40100e9f        0x1 
 .text.esp_image_load
                0x40100ea0      0x1b5 E:/myProjects/ESP8266/Projects/RTOS3_SPIFFS_1/build/bootloader/bootloader_support\libbootloader_support.a(esp_image_format.o)
                                0x1d1 (size before relaxing)
                0x40100ea0                esp_image_load
 *fill*         0x40101055        0x3 
 .text.esp_partition_table_basic_verify
                0x40101058       0xeb E:/myProjects/ESP8266/Projects/RTOS3_SPIFFS_1/build/bootloader/bootloader_support\libbootloader_support.a(flash_partitions.o)
                0x40101058                esp_partition_table_basic_verify
 *fill*         0x40101143        0x1 
 .text.bootloader_common_ota_select_crc
                0x40101144       0x18 E:/myProjects/ESP8266/Projects/RTOS3_SPIFFS_1/build/bootloader/bootloader_support\libbootloader_support.a(bootloader_common.o)
                0x40101144                bootloader_common_ota_select_crc
 .text.bootloader_common_ota_select_valid
                0x4010115c       0x2c E:/myProjects/ESP8266/Projects/RTOS3_SPIFFS_1/build/bootloader/bootloader_support\libbootloader_support.a(bootloader_common.o)
                0x4010115c                bootloader_common_ota_select_valid
 .text.spi_user_cmd
                0x40101188       0x4d E:/myProjects/ESP8266/Projects/RTOS3_SPIFFS_1/build/bootloader/spi_flash\libspi_flash.a(spi_flash.o)
                0x40101188                spi_user_cmd
 *fill*         0x401011d5        0x3 
 .text.special_flash_read_status
                0x401011d8       0x39 E:/myProjects/ESP8266/Projects/RTOS3_SPIFFS_1/build/bootloader/spi_flash\libspi_flash.a(spi_flash.o)
                                 0x3d (size before relaxing)
                0x401011d8                special_flash_read_status
 *fill*         0x40101211        0x3 
 .text.flash_gd25q32c_read_status
                0x40101214       0x33 E:/myProjects/ESP8266/Projects/RTOS3_SPIFFS_1/build/bootloader/spi_flash\libspi_flash.a(spi_flash.o)
 *fill*         0x40101247        0x1 
 .text.special_flash_write_status
                0x40101248       0x5c E:/myProjects/ESP8266/Projects/RTOS3_SPIFFS_1/build/bootloader/spi_flash\libspi_flash.a(spi_flash.o)
                                 0x60 (size before relaxing)
                0x40101248                special_flash_write_status
 .text.spi_flash_enable_qio_bit6
                0x401012a4       0x17 E:/myProjects/ESP8266/Projects/RTOS3_SPIFFS_1/build/bootloader/spi_flash\libspi_flash.a(spi_flash.o)
                                 0x1b (size before relaxing)
 *fill*         0x401012bb        0x1 
 .text.flash_gd25q32c_write_status
                0x401012bc       0x30 E:/myProjects/ESP8266/Projects/RTOS3_SPIFFS_1/build/bootloader/spi_flash\libspi_flash.a(spi_flash.o)
 .text.flash_gd25q32c_enable_QIO_mode
                0x401012ec       0x3e E:/myProjects/ESP8266/Projects/RTOS3_SPIFFS_1/build/bootloader/spi_flash\libspi_flash.a(spi_flash.o)
                                 0x46 (size before relaxing)
 *fill*         0x4010132a        0x2 
 .text.en25q16x_read_sfdp
                0x4010132c       0x43 E:/myProjects/ESP8266/Projects/RTOS3_SPIFFS_1/build/bootloader/spi_flash\libspi_flash.a(spi_flash.o)
                0x4010132c                en25q16x_read_sfdp
 *fill*         0x4010136f        0x1 
 .text.spi_flash_get_id
                0x40101370       0x26 E:/myProjects/ESP8266/Projects/RTOS3_SPIFFS_1/build/bootloader/spi_flash\libspi_flash.a(spi_flash.o)
                0x40101370                spi_flash_get_id
 *fill*         0x40101396        0x2 
 .text.spi_flash_read_status
                0x40101398       0x28 E:/myProjects/ESP8266/Projects/RTOS3_SPIFFS_1/build/bootloader/spi_flash\libspi_flash.a(spi_flash.o)
                0x40101398                spi_flash_read_status
 .text.spi_flash_issi_enable_QIO_mode
                0x401013c0       0x43 E:/myProjects/ESP8266/Projects/RTOS3_SPIFFS_1/build/bootloader/spi_flash\libspi_flash.a(spi_flash.o)
                                 0x4b (size before relaxing)
 *fill*         0x40101403        0x1 
 .text.special_flash_set_mode
                0x40101404       0x41 E:/myProjects/ESP8266/Projects/RTOS3_SPIFFS_1/build/bootloader/spi_flash\libspi_flash.a(spi_flash.o)
                                 0x45 (size before relaxing)
                0x40101404                special_flash_set_mode
 *fill*         0x40101445        0x3 
 .text.en25q16x_write_volatile_status
                0x40101448       0x4f E:/myProjects/ESP8266/Projects/RTOS3_SPIFFS_1/build/bootloader/spi_flash\libspi_flash.a(spi_flash.o)
                                 0x5b (size before relaxing)
                0x40101448                en25q16x_write_volatile_status
 *fill*         0x40101497        0x1 
 .text.user_spi_flash_dio_to_qio_pre_init
                0x40101498       0x95 E:/myProjects/ESP8266/Projects/RTOS3_SPIFFS_1/build/bootloader/spi_flash\libspi_flash.a(spi_flash.o)
                                 0xa1 (size before relaxing)
                0x40101498                user_spi_flash_dio_to_qio_pre_init
 *fill*         0x4010152d        0x3 
 .text.esp_spi_flash_init
                0x40101530       0xb9 E:/myProjects/ESP8266/Projects/RTOS3_SPIFFS_1/build/bootloader/spi_flash\libspi_flash.a(spi_flash.o)
                                 0xc1 (size before relaxing)
                0x40101530                esp_spi_flash_init
 *fill*         0x401015e9        0x3 
 .text.Cache_Read_Disable_2
                0x401015ec       0x34 E:/myProjects/ESP8266/Projects/RTOS3_SPIFFS_1/build/bootloader/spi_flash\libspi_flash.a(spi_flash_raw.o)
                0x401015ec                Cache_Read_Disable_2
 .text.Cache_Read_Enable_2
                0x40101620       0x28 E:/myProjects/ESP8266/Projects/RTOS3_SPIFFS_1/build/bootloader/spi_flash\libspi_flash.a(spi_flash_raw.o)
                0x40101620                Cache_Read_Enable_2
                0x40101620                Cache_Read_Enable_New
 .text.spi_flash_get_id_raw
                0x40101648       0x57 E:/myProjects/ESP8266/Projects/RTOS3_SPIFFS_1/build/bootloader/spi_flash\libspi_flash.a(spi_flash_raw.o)
                0x40101648                spi_flash_get_id_raw
 *fill*         0x4010169f        0x1 
 .text.spi_flash_read_status_raw
                0x401016a0       0x2f E:/myProjects/ESP8266/Projects/RTOS3_SPIFFS_1/build/bootloader/spi_flash\libspi_flash.a(spi_flash_raw.o)
                                 0x33 (size before relaxing)
                0x401016a0                spi_flash_read_status_raw
 *fill*         0x401016cf        0x1 
 .text.spi_flash_enable_qmode_raw
                0x401016d0       0x33 E:/myProjects/ESP8266/Projects/RTOS3_SPIFFS_1/build/bootloader/spi_flash\libspi_flash.a(spi_flash_raw.o)
                                 0x37 (size before relaxing)
                0x401016d0                spi_flash_enable_qmode_raw
 *fill*         0x40101703        0x1 
 .text.spi_user_cmd_raw
                0x40101704      0x3df E:/myProjects/ESP8266/Projects/RTOS3_SPIFFS_1/build/bootloader/spi_flash\libspi_flash.a(spi_flash_raw.o)
                0x40101704                spi_user_cmd_raw
 *fill*         0x40101ae3        0x1 
 .text.spi_flash_switch_to_qio_raw
                0x40101ae4       0x25 E:/myProjects/ESP8266/Projects/RTOS3_SPIFFS_1/build/bootloader/spi_flash\libspi_flash.a(spi_flash_raw.o)
                0x40101ae4                spi_flash_switch_to_qio_raw
 *fill*         0x40101b09        0x3 
 .text.uart_putc
                0x40101b0c       0x1b E:/myProjects/ESP8266/Projects/RTOS3_SPIFFS_1/build/bootloader/esp8266\libesp8266.a(ets_printf.o)
 *fill*         0x40101b27        0x1 
 .text.ets_putc
                0x40101b28       0x27 E:/myProjects/ESP8266/Projects/RTOS3_SPIFFS_1/build/bootloader/esp8266\libesp8266.a(ets_printf.o)
                0x40101b28                ets_putc
 *fill*         0x40101b4f        0x1 
 .text.ets_vprintf
                0x40101b50       0x1f E:/myProjects/ESP8266/Projects/RTOS3_SPIFFS_1/build/bootloader/esp8266\libesp8266.a(ets_printf.o)
                0x40101b50                ets_vprintf
 *fill*         0x40101b6f        0x1 
 .text.crc32_le
                0x40101b70       0x31 E:/myProjects/ESP8266/Projects/RTOS3_SPIFFS_1/build/bootloader/esp8266\libesp8266.a(crc.o)
                0x40101b70                crc32_le
 *fill*         0x40101ba1        0x3 
 .text.phy_reg_default
                0x40101ba4       0x36 E:/myProjects/ESP8266/ESP8266_RTOS_SDK_IDF/components/esp8266/lib\libcore.a(phy.o)
                0x40101bb4                phy_reg_default
 *fill*         0x40101bda        0x0 
 *fill*         0x40101bda        0x2 
 .text.index_to_partition
                0x40101bdc       0x4d E:/myProjects/ESP8266/Projects/RTOS3_SPIFFS_1/build/bootloader/bootloader_support\libbootloader_support.a(bootloader_utility.o)
 *fill*         0x40101c29        0x0 
 *fill*         0x40101c29        0x0 
 *fill*         0x40101c29        0x0 
 *fill*         0x40101c29        0x0 
 *fill*         0x40101c29        0x0 
 *fill*         0x40101c29        0x0 
 *fill*         0x40101c29        0x0 
 *fill*         0x40101c29        0x0 
 *fill*         0x40101c29        0x0 
 *fill*         0x40101c29        0x0 
 *fill*         0x40101c29        0x0 
 *fill*         0x40101c29        0x0 
 *fill*         0x40101c29        0x3 
 .text.verify_segment_header
                0x40101c2c        0x4 E:/myProjects/ESP8266/Projects/RTOS3_SPIFFS_1/build/bootloader/bootloader_support\libbootloader_support.a(esp_image_format.o)
 *fill*         0x40101c30        0x0 
 *fill*         0x40101c30        0x0 
 *fill*         0x40101c30        0x0 
 *fill*         0x40101c30        0x0 
 *fill*         0x40101c30        0x0 
 *fill*         0x40101c30        0x0 
 *fill*         0x40101c30        0x0 
 *fill*         0x40101c30        0x0 
 *fill*         0x40101c30        0x0 
 *fill*         0x40101c30        0x0 
 *fill*         0x40101c30        0x0 
 *fill*         0x40101c30        0x0 
 *fill*         0x40101c30        0x0 
 *fill*         0x40101c30        0x0 
 *fill*         0x40101c30        0x0 
 *fill*         0x40101c30        0x0 
 *fill*         0x40101c30        0x0 
 *fill*         0x40101c30        0x0 
 *fill*         0x40101c30        0x0 
 *fill*         0x40101c30        0x0 
 *fill*         0x40101c30        0x0 
 *fill*         0x40101c30        0x0 
 *fill*         0x40101c30        0x0 
 *fill*         0x40101c30        0x0 
 *fill*         0x40101c30        0x0 
 *fill*         0x40101c30        0x0 
 *fill*         0x40101c30        0x0 
 *fill*         0x40101c30        0x0 
 *(.iram1 .iram1.*)
 .iram1.0       0x40101c30       0x18 E:/myProjects/ESP8266/Projects/RTOS3_SPIFFS_1/build/bootloader/log\liblog.a(log.o)
                0x40101c30                esp_log_early_timestamp
 .iram1.1       0x40101c48       0x96 E:/myProjects/ESP8266/Projects/RTOS3_SPIFFS_1/build/bootloader/log\liblog.a(log.o)
                                 0xa1 (size before relaxing)
                0x40101c48                esp_early_log_write
 *fill*         0x40101cde        0x2 
 .iram1.0       0x40101ce0       0x35 E:/myProjects/ESP8266/Projects/RTOS3_SPIFFS_1/build/bootloader/esp8266\libesp8266.a(ets_printf.o)
                                 0x39 (size before relaxing)
                0x40101ce0                ets_printf
 *fill*         0x40101d15        0x0 
 *fill*         0x40101d15        0x0 
 *(.fini.literal)
 *(.fini)
 *(.gnu.version)
                0x40101d15                _text_end = ABSOLUTE (.)
                0x40101d15                _etext = .

.bss            0x3ffe8000      0x408
                0x3ffe8000                . = ALIGN (0x8)
                0x3ffe8000                _bss_start = ABSOLUTE (.)
 *(.dynsbss)
 *(.sbss)
 *(.sbss.*)
 *(.gnu.linkonce.sb.*)
 *(.scommon)
 *(.sbss2)
 *(.sbss2.*)
 *(.gnu.linkonce.sb2.*)
 *(.dynbss)
 *(.bss)
 *(.bss.*)
 .bss.mapped    0x3ffe8000        0x1 E:/myProjects/ESP8266/Projects/RTOS3_SPIFFS_1/build/bootloader/bootloader_support\libbootloader_support.a(bootloader_flash.o)
 *fill*         0x3ffe8001        0x3 
 .bss.pbuf$3623
                0x3ffe8004      0x400 E:/myProjects/ESP8266/Projects/RTOS3_SPIFFS_1/build/bootloader/bootloader_support\libbootloader_support.a(esp_image_format.o)
 .bss.FlashIsOnGoing
                0x3ffe8404        0x1 E:/myProjects/ESP8266/Projects/RTOS3_SPIFFS_1/build/bootloader/spi_flash\libspi_flash.a(spi_flash.o)
                0x3ffe8404                FlashIsOnGoing
 *(.gnu.linkonce.b.*)
 *(COMMON)
                0x3ffe8408                . = ALIGN (0x8)
 *fill*         0x3ffe8405        0x3 
                0x3ffe8408                _bss_end = ABSOLUTE (.)

.data           0x3ffe8408       0x18
                0x3ffe8408                _data_start = ABSOLUTE (.)
 *(.data)
 *(.data.*)
 .data.g_rom_flashchip
                0x3ffe8408       0x18 E:/myProjects/ESP8266/Projects/RTOS3_SPIFFS_1/build/bootloader/spi_flash\libspi_flash.a(spi_flash.o)
                0x3ffe8408                g_rom_flashchip
 *(.gnu.linkonce.d.*)
 *(.data1)
 *(.sdata)
 *(.sdata.*)
 *(.gnu.linkonce.s.*)
 *(.sdata2)
 *(.sdata2.*)
 *(.gnu.linkonce.s2.*)
 *(.jcr)
                0x3ffe8420                _data_end = ABSOLUTE (.)

.rodata         0x3ffe8420      0xf7c
                0x3ffe8420                _rodata_start = ABSOLUTE (.)
 *(.rodata)
 *(.rodata.*)
 .rodata.select_image.str1.4
                0x3ffe8420       0x21 E:/myProjects/ESP8266/Projects/RTOS3_SPIFFS_1/build/bootloader/main\libmain.a(bootloader_start.o)
 *fill*         0x3ffe8441        0x3 
 .rodata.log_invalid_app_partition.str1.4
                0x3ffe8444       0x68 E:/myProjects/ESP8266/Projects/RTOS3_SPIFFS_1/build/bootloader/bootloader_support\libbootloader_support.a(bootloader_utility.o)
                                 0x70 (size before relaxing)
 .rodata.try_load_partition.str1.4
                0x3ffe84ac       0x51 E:/myProjects/ESP8266/Projects/RTOS3_SPIFFS_1/build/bootloader/bootloader_support\libbootloader_support.a(bootloader_utility.o)
 *fill*         0x3ffe84fd        0x3 
 .rodata.bootloader_utility_load_partition_table.str1.4
                0x3ffe8500      0x18f E:/myProjects/ESP8266/Projects/RTOS3_SPIFFS_1/build/bootloader/bootloader_support\libbootloader_support.a(bootloader_utility.o)
 *fill*         0x3ffe868f        0x1 
 .rodata.bootloader_utility_get_selected_boot_partition.str1.4
                0x3ffe8690      0x1c3 E:/myProjects/ESP8266/Projects/RTOS3_SPIFFS_1/build/bootloader/bootloader_support\libbootloader_support.a(bootloader_utility.o)
 *fill*         0x3ffe8853        0x1 
 .rodata.bootloader_utility_load_boot_image.str1.4
                0x3ffe8854       0xca E:/myProjects/ESP8266/Projects/RTOS3_SPIFFS_1/build/bootloader/bootloader_support\libbootloader_support.a(bootloader_utility.o)
 *fill*         0x3ffe891e        0x2 
 .rodata.print_flash_info.str1.4
                0x3ffe8920       0xd4 E:/myProjects/ESP8266/Projects/RTOS3_SPIFFS_1/build/bootloader/bootloader_support\libbootloader_support.a(bootloader_init.o)
                                 0xe0 (size before relaxing)
 .rodata.print_flash_info
                0x3ffe89f4       0x28 E:/myProjects/ESP8266/Projects/RTOS3_SPIFFS_1/build/bootloader/bootloader_support\libbootloader_support.a(bootloader_init.o)
 .rodata.update_flash_config.str1.4
                0x3ffe8a1c       0x2e E:/myProjects/ESP8266/Projects/RTOS3_SPIFFS_1/build/bootloader/bootloader_support\libbootloader_support.a(bootloader_init.o)
 *fill*         0x3ffe8a4a        0x2 
 .rodata.bootloader_main.str1.4
                0x3ffe8a4c       0x7a E:/myProjects/ESP8266/Projects/RTOS3_SPIFFS_1/build/bootloader/bootloader_support\libbootloader_support.a(bootloader_init.o)
 *fill*         0x3ffe8ac6        0x2 
 .rodata.bootloader_mmap.str1.4
                0x3ffe8ac8       0x57 E:/myProjects/ESP8266/Projects/RTOS3_SPIFFS_1/build/bootloader/bootloader_support\libbootloader_support.a(bootloader_flash.o)
 *fill*         0x3ffe8b1f        0x1 
 .rodata.bootloader_flash_read.str1.4
                0x3ffe8b20       0x9f E:/myProjects/ESP8266/Projects/RTOS3_SPIFFS_1/build/bootloader/bootloader_support\libbootloader_support.a(bootloader_flash.o)
 *fill*         0x3ffe8bbf        0x1 
 .rodata.verify_image_header.str1.4
                0x3ffe8bc0       0x82 E:/myProjects/ESP8266/Projects/RTOS3_SPIFFS_1/build/bootloader/bootloader_support\libbootloader_support.a(esp_image_format.o)
 *fill*         0x3ffe8c42        0x2 
 .rodata.process_segment_data.str1.4
                0x3ffe8c44       0x27 E:/myProjects/ESP8266/Projects/RTOS3_SPIFFS_1/build/bootloader/bootloader_support\libbootloader_support.a(esp_image_format.o)
 *fill*         0x3ffe8c6b        0x1 
 .rodata.verify_checksum.str1.4
                0x3ffe8c6c       0x57 E:/myProjects/ESP8266/Projects/RTOS3_SPIFFS_1/build/bootloader/bootloader_support\libbootloader_support.a(esp_image_format.o)
 *fill*         0x3ffe8cc3        0x1 
 .rodata.process_segment.str1.4
                0x3ffe8cc4       0x8f E:/myProjects/ESP8266/Projects/RTOS3_SPIFFS_1/build/bootloader/bootloader_support\libbootloader_support.a(esp_image_format.o)
                                 0x93 (size before relaxing)
 *fill*         0x3ffe8d53        0x1 
 .rodata.esp_image_load.str1.4
                0x3ffe8d54       0xfb E:/myProjects/ESP8266/Projects/RTOS3_SPIFFS_1/build/bootloader/bootloader_support\libbootloader_support.a(esp_image_format.o)
 *fill*         0x3ffe8e4f        0x1 
 .rodata.esp_partition_table_basic_verify.str1.4
                0x3ffe8e50       0xdc E:/myProjects/ESP8266/Projects/RTOS3_SPIFFS_1/build/bootloader/bootloader_support\libbootloader_support.a(flash_partitions.o)
 .rodata.esp_spi_flash_init.str1.4
                0x3ffe8f2c       0x29 E:/myProjects/ESP8266/Projects/RTOS3_SPIFFS_1/build/bootloader/spi_flash\libspi_flash.a(spi_flash.o)
 *fill*         0x3ffe8f55        0x3 
 .rodata.str1.4
                0x3ffe8f58       0x24 E:/myProjects/ESP8266/Projects/RTOS3_SPIFFS_1/build/bootloader/log\liblog.a(log.o)
                                 0x22 (size before relaxing)
 .rodata.s_log_prefix
                0x3ffe8f7c        0x6 E:/myProjects/ESP8266/Projects/RTOS3_SPIFFS_1/build/bootloader/log\liblog.a(log.o)
 *fill*         0x3ffe8f82        0x2 
 .rodata.s_log_color
                0x3ffe8f84       0x18 E:/myProjects/ESP8266/Projects/RTOS3_SPIFFS_1/build/bootloader/log\liblog.a(log.o)
 .rodata.crc32_le_table
                0x3ffe8f9c      0x400 E:/myProjects/ESP8266/Projects/RTOS3_SPIFFS_1/build/bootloader/esp8266\libesp8266.a(crc.o)
 *(.gnu.linkonce.r.*)
 *(.rodata1)
                0x3ffe939c                __XT_EXCEPTION_TABLE_ = ABSOLUTE (.)
 *(.xt_except_table)
 *(.gcc_except_table)
 *(.gnu.linkonce.e.*)
 *(.gnu.version_r)
 *(.eh_frame)
                0x3ffe939c                . = ((. + 0x3) & 0xfffffffc)
                0x3ffe939c                __init_array_start = ABSOLUTE (.)
 *crtbegin.o(.ctors)
 *(EXCLUDE_FILE(*crtend.o) .ctors)
 *(SORT_BY_NAME(.ctors.*))
 *(.ctors)
                0x3ffe939c                __init_array_end = ABSOLUTE (.)
 *crtbegin.o(.dtors)
 *(EXCLUDE_FILE(*crtend.o) .dtors)
 *(SORT_BY_NAME(.dtors.*))
 *(.dtors)
                0x3ffe939c                __XT_EXCEPTION_DESCS_ = ABSOLUTE (.)
 *(.xt_except_desc)
 *(.gnu.linkonce.h.*)
                0x3ffe939c                __XT_EXCEPTION_DESCS_END__ = ABSOLUTE (.)
 *(.xt_except_desc_end)
 *(.dynamic)
 *(.gnu.version_d)
                0x3ffe939c                _rodata_end = ABSOLUTE (.)
                0x3ffe939c                _lit4_start = ABSOLUTE (.)
 *(*.lit4)
 *(.lit4.*)
 *(.gnu.linkonce.lit4.*)
                0x3ffe939c                _lit4_end = ABSOLUTE (.)
                0x3ffe939c                . = ALIGN (0x4)
                0x3ffe939c                _heap_start = ABSOLUTE (.)
                0x60001100                PROVIDE (rtc_sys_info = 0x60001100)
                0x400040c0                PROVIDE (SPI_sector_erase = 0x400040c0)
                0x40004174                PROVIDE (SPI_page_program = 0x40004174)
                0x400042ac                PROVIDE (SPI_read_data = 0x400042ac)
                0x400043c8                PROVIDE (SPI_read_status = 0x400043c8)
                0x40004400                PROVIDE (SPI_write_status = 0x40004400)
                0x4000443c                PROVIDE (SPI_write_enable = 0x4000443c)
                0x4000448c                PROVIDE (Wait_SPI_Idle = 0x4000448c)
                0x400044c0                PROVIDE (Enable_QMode = 0x400044c0)
                [!provide]                PROVIDE (Disable_QMode = 0x40004508)
                0x40004678                PROVIDE (Cache_Read_Enable = 0x40004678)
                0x400047f0                PROVIDE (Cache_Read_Disable = 0x400047f0)
                [!provide]                PROVIDE (lldesc_build_chain = 0x40004f40)
                [!provide]                PROVIDE (lldesc_num2link = 0x40005050)
                [!provide]                PROVIDE (lldesc_set_owner = 0x4000507c)
                0x4000c538                __adddf3 = 0x4000c538
                0x4000c180                __addsf3 = 0x4000c180
                0x4000cb94                __divdf3 = 0x4000cb94
                0x4000ce60                __divdi3 = 0x4000ce60
                0x4000dc88                __divsi3 = 0x4000dc88
                0x4000cdfc                __extendsfdf2 = 0x4000cdfc
                0x4000ccb8                __fixdfsi = 0x4000ccb8
                0x4000cd00                __fixunsdfsi = 0x4000cd00
                0x4000c4c4                __fixunssfsi = 0x4000c4c4
                0x4000e2f0                __floatsidf = 0x4000e2f0
                0x4000e2ac                __floatsisf = 0x4000e2ac
                0x4000e2e8                __floatunsidf = 0x4000e2e8
                0x4000e2a4                __floatunsisf = 0x4000e2a4
                0x4000c8f0                __muldf3 = 0x4000c8f0
                0x40000650                __muldi3 = 0x40000650
                0x4000c3dc                __mulsf3 = 0x4000c3dc
                0x4000c688                __subdf3 = 0x4000c688
                0x4000c268                __subsf3 = 0x4000c268
                0x4000cd5c                __truncdfsf2 = 0x4000cd5c
                0x4000d310                __udivdi3 = 0x4000d310
                0x4000e21c                __udivsi3 = 0x4000e21c
                0x4000d770                __umoddi3 = 0x4000d770
                0x4000e268                __umodsi3 = 0x4000e268
                0x4000dcf0                __umulsidi3 = 0x4000dcf0
                0x4000de84                bzero = 0x4000de84
                0x4000dea8                memcmp = 0x4000dea8
                0x4000df48                memcpy = 0x4000df48
                0x4000e04c                memmove = 0x4000e04c
                0x4000e190                memset = 0x4000e190
                0x4000bdc8                strcmp = 0x4000bdc8
                0x4000bec8                strcpy = 0x4000bec8
                0x4000bf4c                strlen = 0x4000bf4c
                0x4000bfa8                strncmp = 0x4000bfa8
                0x4000c0a0                strncpy = 0x4000c0a0
                0x4000e1e0                strstr = 0x4000e1e0
                0x40004cf0                PROVIDE (gpio_input_get = 0x40004cf0)
                [!provide]                PROVIDE (gpio_pin_wakeup_disable = 0x40004ed4)
                [!provide]                PROVIDE (gpio_pin_wakeup_enable = 0x40004e90)
                0x40001f00                PROVIDE (ets_io_vprintf = 0x40001f00)
                [!provide]                PROVIDE (uart_rx_one_char = 0x40003b8c)
                [!provide]                PROVIDE (rom_i2c_readReg = 0x40007268)
                [!provide]                PROVIDE (rom_i2c_readReg_Mask = 0x4000729c)
                [!provide]                PROVIDE (rom_i2c_writeReg = 0x400072d8)
                [!provide]                PROVIDE (rom_i2c_writeReg_Mask = 0x4000730c)
                [!provide]                PROVIDE (rom_software_reboot = 0x40000080)
                [!provide]                PROVIDE (ets_memcpy = 0x400018b4)
                0x40004b1c                PROVIDE (SPIRead = 0x40004b1c)
                0x40004a4c                PROVIDE (SPIWrite = 0x40004a4c)
                0x40004a00                PROVIDE (SPIEraseSector = 0x40004a00)
                [!provide]                PROVIDE (gpio_input_get = 0x40004cf0)
                [!provide]                PROVIDE (xthal_get_ccount = 0x4000dd38)
                [!provide]                PROVIDE (uart_div_modify = 0x400039d8)
                [!provide]                PROVIDE (ets_io_vprintf = 0x40001f00)
OUTPUT(E:/myProjects/ESP8266/Projects/RTOS3_SPIFFS_1/build/bootloader/bootloader.elf elf32-xtensa-le)

.debug_frame    0x00000000      0xae8
 .debug_frame   0x00000000       0x74 E:/myProjects/ESP8266/Projects/RTOS3_SPIFFS_1/build/bootloader/main\libmain.a(bootloader_start.o)
 .debug_frame   0x00000074      0x144 E:/myProjects/ESP8266/Projects/RTOS3_SPIFFS_1/build/bootloader/bootloader_support\libbootloader_support.a(bootloader_utility.o)
 .debug_frame   0x000001b8       0x98 E:/myProjects/ESP8266/Projects/RTOS3_SPIFFS_1/build/bootloader/bootloader_support\libbootloader_support.a(bootloader_init.o)
 .debug_frame   0x00000250       0xdc E:/myProjects/ESP8266/Projects/RTOS3_SPIFFS_1/build/bootloader/bootloader_support\libbootloader_support.a(bootloader_flash.o)
 .debug_frame   0x0000032c      0x13c E:/myProjects/ESP8266/Projects/RTOS3_SPIFFS_1/build/bootloader/bootloader_support\libbootloader_support.a(esp_image_format.o)
 .debug_frame   0x00000468       0x38 E:/myProjects/ESP8266/Projects/RTOS3_SPIFFS_1/build/bootloader/bootloader_support\libbootloader_support.a(flash_partitions.o)
 .debug_frame   0x000004a0       0x74 E:/myProjects/ESP8266/Projects/RTOS3_SPIFFS_1/build/bootloader/bootloader_support\libbootloader_support.a(bootloader_common.o)
 .debug_frame   0x00000514      0x350 E:/myProjects/ESP8266/Projects/RTOS3_SPIFFS_1/build/bootloader/spi_flash\libspi_flash.a(spi_flash.o)
 .debug_frame   0x00000864      0x16c E:/myProjects/ESP8266/Projects/RTOS3_SPIFFS_1/build/bootloader/spi_flash\libspi_flash.a(spi_flash_raw.o)
 .debug_frame   0x000009d0       0x58 E:/myProjects/ESP8266/Projects/RTOS3_SPIFFS_1/build/bootloader/log\liblog.a(log.o)
 .debug_frame   0x00000a28       0x80 E:/myProjects/ESP8266/Projects/RTOS3_SPIFFS_1/build/bootloader/esp8266\libesp8266.a(ets_printf.o)
 .debug_frame   0x00000aa8       0x40 E:/myProjects/ESP8266/Projects/RTOS3_SPIFFS_1/build/bootloader/esp8266\libesp8266.a(crc.o)

.debug_info     0x00000000     0xc9f4
 .debug_info    0x00000000      0xd7f E:/myProjects/ESP8266/Projects/RTOS3_SPIFFS_1/build/bootloader/main\libmain.a(bootloader_start.o)
 .debug_info    0x00000d7f     0x1908 E:/myProjects/ESP8266/Projects/RTOS3_SPIFFS_1/build/bootloader/bootloader_support\libbootloader_support.a(bootloader_utility.o)
 .debug_info    0x00002687      0xec8 E:/myProjects/ESP8266/Projects/RTOS3_SPIFFS_1/build/bootloader/bootloader_support\libbootloader_support.a(bootloader_init.o)
 .debug_info    0x0000354f      0xe3a E:/myProjects/ESP8266/Projects/RTOS3_SPIFFS_1/build/bootloader/bootloader_support\libbootloader_support.a(bootloader_flash.o)
 .debug_info    0x00004389     0x1714 E:/myProjects/ESP8266/Projects/RTOS3_SPIFFS_1/build/bootloader/bootloader_support\libbootloader_support.a(esp_image_format.o)
 .debug_info    0x00005a9d      0xcd0 E:/myProjects/ESP8266/Projects/RTOS3_SPIFFS_1/build/bootloader/bootloader_support\libbootloader_support.a(flash_partitions.o)
 .debug_info    0x0000676d     0x1357 E:/myProjects/ESP8266/Projects/RTOS3_SPIFFS_1/build/bootloader/bootloader_support\libbootloader_support.a(bootloader_common.o)
 .debug_info    0x00007ac4     0x1e00 E:/myProjects/ESP8266/Projects/RTOS3_SPIFFS_1/build/bootloader/spi_flash\libspi_flash.a(spi_flash.o)
 .debug_info    0x000098c4     0x10c9 E:/myProjects/ESP8266/Projects/RTOS3_SPIFFS_1/build/bootloader/spi_flash\libspi_flash.a(spi_flash_raw.o)
 .debug_info    0x0000a98d     0x12ba E:/myProjects/ESP8266/Projects/RTOS3_SPIFFS_1/build/bootloader/log\liblog.a(log.o)
 .debug_info    0x0000bc47      0xb66 E:/myProjects/ESP8266/Projects/RTOS3_SPIFFS_1/build/bootloader/esp8266\libesp8266.a(ets_printf.o)
 .debug_info    0x0000c7ad      0x247 E:/myProjects/ESP8266/Projects/RTOS3_SPIFFS_1/build/bootloader/esp8266\libesp8266.a(crc.o)

.debug_abbrev   0x00000000     0x2175
 .debug_abbrev  0x00000000      0x2a2 E:/myProjects/ESP8266/Projects/RTOS3_SPIFFS_1/build/bootloader/main\libmain.a(bootloader_start.o)
 .debug_abbrev  0x000002a2      0x34e E:/myProjects/ESP8266/Projects/RTOS3_SPIFFS_1/build/bootloader/bootloader_support\libbootloader_support.a(bootloader_utility.o)
 .debug_abbrev  0x000005f0      0x2f2 E:/myProjects/ESP8266/Projects/RTOS3_SPIFFS_1/build/bootloader/bootloader_support\libbootloader_support.a(bootloader_init.o)
 .debug_abbrev  0x000008e2      0x2aa E:/myProjects/ESP8266/Projects/RTOS3_SPIFFS_1/build/bootloader/bootloader_support\libbootloader_support.a(bootloader_flash.o)
 .debug_abbrev  0x00000b8c      0x316 E:/myProjects/ESP8266/Projects/RTOS3_SPIFFS_1/build/bootloader/bootloader_support\libbootloader_support.a(esp_image_format.o)
 .debug_abbrev  0x00000ea2      0x271 E:/myProjects/ESP8266/Projects/RTOS3_SPIFFS_1/build/bootloader/bootloader_support\libbootloader_support.a(flash_partitions.o)
 .debug_abbrev  0x00001113      0x2d4 E:/myProjects/ESP8266/Projects/RTOS3_SPIFFS_1/build/bootloader/bootloader_support\libbootloader_support.a(bootloader_common.o)
 .debug_abbrev  0x000013e7      0x45b E:/myProjects/ESP8266/Projects/RTOS3_SPIFFS_1/build/bootloader/spi_flash\libspi_flash.a(spi_flash.o)
 .debug_abbrev  0x00001842      0x29d E:/myProjects/ESP8266/Projects/RTOS3_SPIFFS_1/build/bootloader/spi_flash\libspi_flash.a(spi_flash_raw.o)
 .debug_abbrev  0x00001adf      0x315 E:/myProjects/ESP8266/Projects/RTOS3_SPIFFS_1/build/bootloader/log\liblog.a(log.o)
 .debug_abbrev  0x00001df4      0x2a2 E:/myProjects/ESP8266/Projects/RTOS3_SPIFFS_1/build/bootloader/esp8266\libesp8266.a(ets_printf.o)
 .debug_abbrev  0x00002096       0xdf E:/myProjects/ESP8266/Projects/RTOS3_SPIFFS_1/build/bootloader/esp8266\libesp8266.a(crc.o)

.debug_loc      0x00000000     0x3781
 .debug_loc     0x00000000       0x9b E:/myProjects/ESP8266/Projects/RTOS3_SPIFFS_1/build/bootloader/main\libmain.a(bootloader_start.o)
 .debug_loc     0x0000009b      0x80a E:/myProjects/ESP8266/Projects/RTOS3_SPIFFS_1/build/bootloader/bootloader_support\libbootloader_support.a(bootloader_utility.o)
 .debug_loc     0x000008a5       0xbc E:/myProjects/ESP8266/Projects/RTOS3_SPIFFS_1/build/bootloader/bootloader_support\libbootloader_support.a(bootloader_init.o)
 .debug_loc     0x00000961      0x427 E:/myProjects/ESP8266/Projects/RTOS3_SPIFFS_1/build/bootloader/bootloader_support\libbootloader_support.a(bootloader_flash.o)
 .debug_loc     0x00000d88      0xb53 E:/myProjects/ESP8266/Projects/RTOS3_SPIFFS_1/build/bootloader/bootloader_support\libbootloader_support.a(esp_image_format.o)
 .debug_loc     0x000018db      0x11a E:/myProjects/ESP8266/Projects/RTOS3_SPIFFS_1/build/bootloader/bootloader_support\libbootloader_support.a(flash_partitions.o)
 .debug_loc     0x000019f5      0x18f E:/myProjects/ESP8266/Projects/RTOS3_SPIFFS_1/build/bootloader/bootloader_support\libbootloader_support.a(bootloader_common.o)
 .debug_loc     0x00001b84     0x11dd E:/myProjects/ESP8266/Projects/RTOS3_SPIFFS_1/build/bootloader/spi_flash\libspi_flash.a(spi_flash.o)
 .debug_loc     0x00002d61      0x668 E:/myProjects/ESP8266/Projects/RTOS3_SPIFFS_1/build/bootloader/spi_flash\libspi_flash.a(spi_flash_raw.o)
 .debug_loc     0x000033c9      0x119 E:/myProjects/ESP8266/Projects/RTOS3_SPIFFS_1/build/bootloader/log\liblog.a(log.o)
 .debug_loc     0x000034e2       0xe9 E:/myProjects/ESP8266/Projects/RTOS3_SPIFFS_1/build/bootloader/esp8266\libesp8266.a(ets_printf.o)
 .debug_loc     0x000035cb      0x1b6 E:/myProjects/ESP8266/Projects/RTOS3_SPIFFS_1/build/bootloader/esp8266\libesp8266.a(crc.o)

.debug_aranges  0x00000000      0x3a8
 .debug_aranges
                0x00000000       0x30 E:/myProjects/ESP8266/Projects/RTOS3_SPIFFS_1/build/bootloader/main\libmain.a(bootloader_start.o)
 .debug_aranges
                0x00000030       0x60 E:/myProjects/ESP8266/Projects/RTOS3_SPIFFS_1/build/bootloader/bootloader_support\libbootloader_support.a(bootloader_utility.o)
 .debug_aranges
                0x00000090       0x38 E:/myProjects/ESP8266/Projects/RTOS3_SPIFFS_1/build/bootloader/bootloader_support\libbootloader_support.a(bootloader_init.o)
 .debug_aranges
                0x000000c8       0x48 E:/myProjects/ESP8266/Projects/RTOS3_SPIFFS_1/build/bootloader/bootloader_support\libbootloader_support.a(bootloader_flash.o)
 .debug_aranges
                0x00000110       0x60 E:/myProjects/ESP8266/Projects/RTOS3_SPIFFS_1/build/bootloader/bootloader_support\libbootloader_support.a(esp_image_format.o)
 .debug_aranges
                0x00000170       0x20 E:/myProjects/ESP8266/Projects/RTOS3_SPIFFS_1/build/bootloader/bootloader_support\libbootloader_support.a(flash_partitions.o)
 .debug_aranges
                0x00000190       0x30 E:/myProjects/ESP8266/Projects/RTOS3_SPIFFS_1/build/bootloader/bootloader_support\libbootloader_support.a(bootloader_common.o)
 .debug_aranges
                0x000001c0       0xe8 E:/myProjects/ESP8266/Projects/RTOS3_SPIFFS_1/build/bootloader/spi_flash\libspi_flash.a(spi_flash.o)
 .debug_aranges
                0x000002a8       0x70 E:/myProjects/ESP8266/Projects/RTOS3_SPIFFS_1/build/bootloader/spi_flash\libspi_flash.a(spi_flash_raw.o)
 .debug_aranges
                0x00000318       0x28 E:/myProjects/ESP8266/Projects/RTOS3_SPIFFS_1/build/bootloader/log\liblog.a(log.o)
 .debug_aranges
                0x00000340       0x38 E:/myProjects/ESP8266/Projects/RTOS3_SPIFFS_1/build/bootloader/esp8266\libesp8266.a(ets_printf.o)
 .debug_aranges
                0x00000378       0x30 E:/myProjects/ESP8266/Projects/RTOS3_SPIFFS_1/build/bootloader/esp8266\libesp8266.a(crc.o)

.debug_ranges   0x00000000      0x318
 .debug_ranges  0x00000000       0x20 E:/myProjects/ESP8266/Projects/RTOS3_SPIFFS_1/build/bootloader/main\libmain.a(bootloader_start.o)
 .debug_ranges  0x00000020       0x50 E:/myProjects/ESP8266/Projects/RTOS3_SPIFFS_1/build/bootloader/bootloader_support\libbootloader_support.a(bootloader_utility.o)
 .debug_ranges  0x00000070       0x28 E:/myProjects/ESP8266/Projects/RTOS3_SPIFFS_1/build/bootloader/bootloader_support\libbootloader_support.a(bootloader_init.o)
 .debug_ranges  0x00000098       0x38 E:/myProjects/ESP8266/Projects/RTOS3_SPIFFS_1/build/bootloader/bootloader_support\libbootloader_support.a(bootloader_flash.o)
 .debug_ranges  0x000000d0       0x68 E:/myProjects/ESP8266/Projects/RTOS3_SPIFFS_1/build/bootloader/bootloader_support\libbootloader_support.a(esp_image_format.o)
 .debug_ranges  0x00000138       0x10 E:/myProjects/ESP8266/Projects/RTOS3_SPIFFS_1/build/bootloader/bootloader_support\libbootloader_support.a(flash_partitions.o)
 .debug_ranges  0x00000148       0x20 E:/myProjects/ESP8266/Projects/RTOS3_SPIFFS_1/build/bootloader/bootloader_support\libbootloader_support.a(bootloader_common.o)
 .debug_ranges  0x00000168       0xf0 E:/myProjects/ESP8266/Projects/RTOS3_SPIFFS_1/build/bootloader/spi_flash\libspi_flash.a(spi_flash.o)
 .debug_ranges  0x00000258       0x60 E:/myProjects/ESP8266/Projects/RTOS3_SPIFFS_1/build/bootloader/spi_flash\libspi_flash.a(spi_flash_raw.o)
 .debug_ranges  0x000002b8       0x18 E:/myProjects/ESP8266/Projects/RTOS3_SPIFFS_1/build/bootloader/log\liblog.a(log.o)
 .debug_ranges  0x000002d0       0x28 E:/myProjects/ESP8266/Projects/RTOS3_SPIFFS_1/build/bootloader/esp8266\libesp8266.a(ets_printf.o)
 .debug_ranges  0x000002f8       0x20 E:/myProjects/ESP8266/Projects/RTOS3_SPIFFS_1/build/bootloader/esp8266\libesp8266.a(crc.o)

.debug_line     0x00000000     0x7c07
 .debug_line    0x00000000      0x4d5 E:/myProjects/ESP8266/Projects/RTOS3_SPIFFS_1/build/bootloader/main\libmain.a(bootloader_start.o)
 .debug_line    0x000004d5     0x1424 E:/myProjects/ESP8266/Projects/RTOS3_SPIFFS_1/build/bootloader/bootloader_support\libbootloader_support.a(bootloader_utility.o)
 .debug_line    0x000018f9      0x779 E:/myProjects/ESP8266/Projects/RTOS3_SPIFFS_1/build/bootloader/bootloader_support\libbootloader_support.a(bootloader_init.o)
 .debug_line    0x00002072      0x7ea E:/myProjects/ESP8266/Projects/RTOS3_SPIFFS_1/build/bootloader/bootloader_support\libbootloader_support.a(bootloader_flash.o)
 .debug_line    0x0000285c     0x11ca E:/myProjects/ESP8266/Projects/RTOS3_SPIFFS_1/build/bootloader/bootloader_support\libbootloader_support.a(esp_image_format.o)
 .debug_line    0x00003a26      0x5ba E:/myProjects/ESP8266/Projects/RTOS3_SPIFFS_1/build/bootloader/bootloader_support\libbootloader_support.a(flash_partitions.o)
 .debug_line    0x00003fe0      0x646 E:/myProjects/ESP8266/Projects/RTOS3_SPIFFS_1/build/bootloader/bootloader_support\libbootloader_support.a(bootloader_common.o)
 .debug_line    0x00004626     0x1ebc E:/myProjects/ESP8266/Projects/RTOS3_SPIFFS_1/build/bootloader/spi_flash\libspi_flash.a(spi_flash.o)
 .debug_line    0x000064e2      0xb80 E:/myProjects/ESP8266/Projects/RTOS3_SPIFFS_1/build/bootloader/spi_flash\libspi_flash.a(spi_flash_raw.o)
 .debug_line    0x00007062      0x4d9 E:/myProjects/ESP8266/Projects/RTOS3_SPIFFS_1/build/bootloader/log\liblog.a(log.o)
 .debug_line    0x0000753b      0x38e E:/myProjects/ESP8266/Projects/RTOS3_SPIFFS_1/build/bootloader/esp8266\libesp8266.a(ets_printf.o)
 .debug_line    0x000078c9      0x33e E:/myProjects/ESP8266/Projects/RTOS3_SPIFFS_1/build/bootloader/esp8266\libesp8266.a(crc.o)

.debug_str      0x00000000     0x25fe
 .debug_str     0x00000000      0x83d E:/myProjects/ESP8266/Projects/RTOS3_SPIFFS_1/build/bootloader/main\libmain.a(bootloader_start.o)
                                0x912 (size before relaxing)
 .debug_str     0x0000083d      0x341 E:/myProjects/ESP8266/Projects/RTOS3_SPIFFS_1/build/bootloader/bootloader_support\libbootloader_support.a(bootloader_utility.o)
                                0xbc7 (size before relaxing)
 .debug_str     0x00000b7e      0x31e E:/myProjects/ESP8266/Projects/RTOS3_SPIFFS_1/build/bootloader/bootloader_support\libbootloader_support.a(bootloader_init.o)
                                0xa39 (size before relaxing)
 .debug_str     0x00000e9c      0x145 E:/myProjects/ESP8266/Projects/RTOS3_SPIFFS_1/build/bootloader/bootloader_support\libbootloader_support.a(bootloader_flash.o)
                                0x7cb (size before relaxing)
 .debug_str     0x00000fe1      0x1d2 E:/myProjects/ESP8266/Projects/RTOS3_SPIFFS_1/build/bootloader/bootloader_support\libbootloader_support.a(esp_image_format.o)
                                0xbb5 (size before relaxing)
 .debug_str     0x000011b3       0x8a E:/myProjects/ESP8266/Projects/RTOS3_SPIFFS_1/build/bootloader/bootloader_support\libbootloader_support.a(flash_partitions.o)
                                0x7e3 (size before relaxing)
 .debug_str     0x0000123d      0xac2 E:/myProjects/ESP8266/Projects/RTOS3_SPIFFS_1/build/bootloader/bootloader_support\libbootloader_support.a(bootloader_common.o)
                               0x1109 (size before relaxing)
 .debug_str     0x00001cff      0x547 E:/myProjects/ESP8266/Projects/RTOS3_SPIFFS_1/build/bootloader/spi_flash\libspi_flash.a(spi_flash.o)
                                0xd4d (size before relaxing)
 .debug_str     0x00002246      0x132 E:/myProjects/ESP8266/Projects/RTOS3_SPIFFS_1/build/bootloader/spi_flash\libspi_flash.a(spi_flash_raw.o)
                                0x8f5 (size before relaxing)
 .debug_str     0x00002378      0x139 E:/myProjects/ESP8266/Projects/RTOS3_SPIFFS_1/build/bootloader/log\liblog.a(log.o)
                               0x105e (size before relaxing)
 .debug_str     0x000024b1       0xc4 E:/myProjects/ESP8266/Projects/RTOS3_SPIFFS_1/build/bootloader/esp8266\libesp8266.a(ets_printf.o)
                                0x6c3 (size before relaxing)
 .debug_str     0x00002575       0x89 E:/myProjects/ESP8266/Projects/RTOS3_SPIFFS_1/build/bootloader/esp8266\libesp8266.a(crc.o)
                                0x1eb (size before relaxing)

.comment        0x00000000       0x31
 .comment       0x00000000       0x31 E:/myProjects/ESP8266/Projects/RTOS3_SPIFFS_1/build/bootloader/main\libmain.a(bootloader_start.o)
                                 0x32 (size before relaxing)
 .comment       0x00000031       0x32 E:/myProjects/ESP8266/Projects/RTOS3_SPIFFS_1/build/bootloader/bootloader_support\libbootloader_support.a(bootloader_utility.o)
 .comment       0x00000031       0x32 E:/myProjects/ESP8266/Projects/RTOS3_SPIFFS_1/build/bootloader/bootloader_support\libbootloader_support.a(bootloader_init.o)
 .comment       0x00000031       0x32 E:/myProjects/ESP8266/Projects/RTOS3_SPIFFS_1/build/bootloader/bootloader_support\libbootloader_support.a(bootloader_flash.o)
 .comment       0x00000031       0x32 E:/myProjects/ESP8266/Projects/RTOS3_SPIFFS_1/build/bootloader/bootloader_support\libbootloader_support.a(esp_image_format.o)
 .comment       0x00000031       0x32 E:/myProjects/ESP8266/Projects/RTOS3_SPIFFS_1/build/bootloader/bootloader_support\libbootloader_support.a(flash_partitions.o)
 .comment       0x00000031       0x32 E:/myProjects/ESP8266/Projects/RTOS3_SPIFFS_1/build/bootloader/bootloader_support\libbootloader_support.a(bootloader_common.o)
 .comment       0x00000031       0x32 E:/myProjects/ESP8266/Projects/RTOS3_SPIFFS_1/build/bootloader/spi_flash\libspi_flash.a(spi_flash.o)
 .comment       0x00000031       0x32 E:/myProjects/ESP8266/Projects/RTOS3_SPIFFS_1/build/bootloader/spi_flash\libspi_flash.a(spi_flash_raw.o)
 .comment       0x00000031       0x32 E:/myProjects/ESP8266/Projects/RTOS3_SPIFFS_1/build/bootloader/log\liblog.a(log.o)
 .comment       0x00000031       0x32 E:/myProjects/ESP8266/Projects/RTOS3_SPIFFS_1/build/bootloader/esp8266\libesp8266.a(ets_printf.o)
 .comment       0x00000031       0x32 E:/myProjects/ESP8266/Projects/RTOS3_SPIFFS_1/build/bootloader/esp8266\libesp8266.a(crc.o)
 .comment       0x00000031       0x32 E:/myProjects/ESP8266/ESP8266_RTOS_SDK_IDF/components/esp8266/lib\libcore.a(phy.o)

.xtensa.info    0x00000000       0x38
 .xtensa.info   0x00000000       0x38 E:/myProjects/ESP8266/Projects/RTOS3_SPIFFS_1/build/bootloader/main\libmain.a(bootloader_start.o)
 .xtensa.info   0x00000038        0x0 E:/myProjects/ESP8266/Projects/RTOS3_SPIFFS_1/build/bootloader/bootloader_support\libbootloader_support.a(bootloader_utility.o)
 .xtensa.info   0x00000038        0x0 E:/myProjects/ESP8266/Projects/RTOS3_SPIFFS_1/build/bootloader/bootloader_support\libbootloader_support.a(bootloader_init.o)
 .xtensa.info   0x00000038        0x0 E:/myProjects/ESP8266/Projects/RTOS3_SPIFFS_1/build/bootloader/bootloader_support\libbootloader_support.a(bootloader_flash.o)
 .xtensa.info   0x00000038        0x0 E:/myProjects/ESP8266/Projects/RTOS3_SPIFFS_1/build/bootloader/bootloader_support\libbootloader_support.a(esp_image_format.o)
 .xtensa.info   0x00000038        0x0 E:/myProjects/ESP8266/Projects/RTOS3_SPIFFS_1/build/bootloader/bootloader_support\libbootloader_support.a(flash_partitions.o)
 .xtensa.info   0x00000038        0x0 E:/myProjects/ESP8266/Projects/RTOS3_SPIFFS_1/build/bootloader/bootloader_support\libbootloader_support.a(bootloader_common.o)
 .xtensa.info   0x00000038        0x0 E:/myProjects/ESP8266/Projects/RTOS3_SPIFFS_1/build/bootloader/spi_flash\libspi_flash.a(spi_flash.o)
 .xtensa.info   0x00000038        0x0 E:/myProjects/ESP8266/Projects/RTOS3_SPIFFS_1/build/bootloader/spi_flash\libspi_flash.a(spi_flash_raw.o)
 .xtensa.info   0x00000038        0x0 E:/myProjects/ESP8266/Projects/RTOS3_SPIFFS_1/build/bootloader/log\liblog.a(log.o)
 .xtensa.info   0x00000038        0x0 E:/myProjects/ESP8266/Projects/RTOS3_SPIFFS_1/build/bootloader/esp8266\libesp8266.a(ets_printf.o)
 .xtensa.info   0x00000038        0x0 E:/myProjects/ESP8266/Projects/RTOS3_SPIFFS_1/build/bootloader/esp8266\libesp8266.a(crc.o)
 .xtensa.info   0x00000038        0x0 E:/myProjects/ESP8266/Projects/RTOS3_SPIFFS_1/build/bootloader/esp8266\libesp8266.a(esp_fast_boot.o)
 .xtensa.info   0x00000038        0x0 E:/myProjects/ESP8266/ESP8266_RTOS_SDK_IDF/components/esp8266/lib\libcore.a(phy.o)
